Component: ARM Compiler 5.06 update 1 (build 61) Tool: armlink [4d35a8]

==============================================================================

Section Cross References

    lidar.o(i.Init_UART1) refers to uart_lpc17xx.o(.constdata) for Driver_USART1
    lidar.o(i.LIDAR_Force_Scan) refers to uart_lpc17xx.o(.constdata) for Driver_USART1
    lidar.o(i.LIDAR_Get_Info) refers to uart_lpc17xx.o(.constdata) for Driver_USART1
    lidar.o(i.LIDAR_Reset) refers to uart_lpc17xx.o(.constdata) for Driver_USART1
    lidar.o(i.LIDAR_Scan) refers to uart_lpc17xx.o(.constdata) for Driver_USART1
    lidar.o(i.LIDAR_Stop) refers to uart_lpc17xx.o(.constdata) for Driver_USART1
    lidar.o(i.main) refers to glcd_mcb1700.o(i.GLCD_Initialize) for GLCD_Initialize
    lidar.o(i.main) refers to glcd_mcb1700.o(i.GLCD_SetFont) for GLCD_SetFont
    lidar.o(i.main) refers to glcd_mcb1700.o(i.GLCD_SetBackgroundColor) for GLCD_SetBackgroundColor
    lidar.o(i.main) refers to glcd_mcb1700.o(i.GLCD_SetForegroundColor) for GLCD_SetForegroundColor
    lidar.o(i.main) refers to lidar.o(i.Init_UART1) for Init_UART1
    lidar.o(i.main) refers to glcd_mcb1700.o(i.GLCD_ClearScreen) for GLCD_ClearScreen
    lidar.o(i.main) refers to lidar.o(i.LIDAR_Get_Info) for LIDAR_Get_Info
    lidar.o(i.main) refers to glcd_mcb1700.o(i.GLCD_DrawChar) for GLCD_DrawChar
    lidar.o(i.main) refers to glcd_fonts.o(.constdata) for GLCD_Font_16x24
    lidar.o(i.main) refers to uart_lpc17xx.o(.constdata) for Driver_USART1
    glcd_mcb1700.o(i.GLCD_ClearScreen) refers to glcd_mcb1700.o(i.GLCD_SetWindow) for GLCD_SetWindow
    glcd_mcb1700.o(i.GLCD_ClearScreen) refers to glcd_mcb1700.o(i.wr_cmd) for wr_cmd
    glcd_mcb1700.o(i.GLCD_ClearScreen) refers to glcd_mcb1700.o(i.wr_dat_start) for wr_dat_start
    glcd_mcb1700.o(i.GLCD_ClearScreen) refers to glcd_mcb1700.o(i.wr_dat_only) for wr_dat_only
    glcd_mcb1700.o(i.GLCD_ClearScreen) refers to glcd_mcb1700.o(i.wr_dat_stop) for wr_dat_stop
    glcd_mcb1700.o(i.GLCD_ClearScreen) refers to glcd_mcb1700.o(.data) for background_color
    glcd_mcb1700.o(i.GLCD_DrawBargraph) refers to glcd_mcb1700.o(i.GLCD_SetWindow) for GLCD_SetWindow
    glcd_mcb1700.o(i.GLCD_DrawBargraph) refers to glcd_mcb1700.o(i.wr_cmd) for wr_cmd
    glcd_mcb1700.o(i.GLCD_DrawBargraph) refers to glcd_mcb1700.o(i.wr_dat_start) for wr_dat_start
    glcd_mcb1700.o(i.GLCD_DrawBargraph) refers to glcd_mcb1700.o(i.wr_dat_only) for wr_dat_only
    glcd_mcb1700.o(i.GLCD_DrawBargraph) refers to glcd_mcb1700.o(i.wr_dat_stop) for wr_dat_stop
    glcd_mcb1700.o(i.GLCD_DrawBargraph) refers to glcd_mcb1700.o(.data) for background_color
    glcd_mcb1700.o(i.GLCD_DrawBitmap) refers to glcd_mcb1700.o(i.GLCD_SetWindow) for GLCD_SetWindow
    glcd_mcb1700.o(i.GLCD_DrawBitmap) refers to glcd_mcb1700.o(i.wr_cmd) for wr_cmd
    glcd_mcb1700.o(i.GLCD_DrawBitmap) refers to glcd_mcb1700.o(i.wr_dat_start) for wr_dat_start
    glcd_mcb1700.o(i.GLCD_DrawBitmap) refers to glcd_mcb1700.o(i.wr_dat_only) for wr_dat_only
    glcd_mcb1700.o(i.GLCD_DrawBitmap) refers to glcd_mcb1700.o(i.wr_dat_stop) for wr_dat_stop
    glcd_mcb1700.o(i.GLCD_DrawChar) refers to glcd_mcb1700.o(i.GLCD_SetWindow) for GLCD_SetWindow
    glcd_mcb1700.o(i.GLCD_DrawChar) refers to glcd_mcb1700.o(i.wr_cmd) for wr_cmd
    glcd_mcb1700.o(i.GLCD_DrawChar) refers to glcd_mcb1700.o(i.wr_dat_start) for wr_dat_start
    glcd_mcb1700.o(i.GLCD_DrawChar) refers to glcd_mcb1700.o(i.wr_dat_only) for wr_dat_only
    glcd_mcb1700.o(i.GLCD_DrawChar) refers to glcd_mcb1700.o(i.wr_dat_stop) for wr_dat_stop
    glcd_mcb1700.o(i.GLCD_DrawChar) refers to glcd_mcb1700.o(.data) for active_font
    glcd_mcb1700.o(i.GLCD_DrawHLine) refers to glcd_mcb1700.o(i.GLCD_SetWindow) for GLCD_SetWindow
    glcd_mcb1700.o(i.GLCD_DrawHLine) refers to glcd_mcb1700.o(i.wr_cmd) for wr_cmd
    glcd_mcb1700.o(i.GLCD_DrawHLine) refers to glcd_mcb1700.o(i.wr_dat_start) for wr_dat_start
    glcd_mcb1700.o(i.GLCD_DrawHLine) refers to glcd_mcb1700.o(i.wr_dat_only) for wr_dat_only
    glcd_mcb1700.o(i.GLCD_DrawHLine) refers to glcd_mcb1700.o(i.wr_dat_stop) for wr_dat_stop
    glcd_mcb1700.o(i.GLCD_DrawHLine) refers to glcd_mcb1700.o(.data) for foreground_color
    glcd_mcb1700.o(i.GLCD_DrawPixel) refers to glcd_mcb1700.o(i.GLCD_SetWindow) for GLCD_SetWindow
    glcd_mcb1700.o(i.GLCD_DrawPixel) refers to glcd_mcb1700.o(i.wr_reg) for wr_reg
    glcd_mcb1700.o(i.GLCD_DrawPixel) refers to glcd_mcb1700.o(i.wr_cmd) for wr_cmd
    glcd_mcb1700.o(i.GLCD_DrawPixel) refers to glcd_mcb1700.o(.data) for Himax
    glcd_mcb1700.o(i.GLCD_DrawPixel) refers to ssp_lpc17xx.o(.constdata) for Driver_SPI1
    glcd_mcb1700.o(i.GLCD_DrawRectangle) refers to glcd_mcb1700.o(i.GLCD_DrawHLine) for GLCD_DrawHLine
    glcd_mcb1700.o(i.GLCD_DrawRectangle) refers to glcd_mcb1700.o(i.GLCD_DrawVLine) for GLCD_DrawVLine
    glcd_mcb1700.o(i.GLCD_DrawString) refers to glcd_mcb1700.o(i.GLCD_DrawChar) for GLCD_DrawChar
[...]
    i.Init_UART1                             0x00001230   Section        0  lidar.o(i.Init_UART1)
    i.LIDAR_Get_Info                         0x00001268   Section        0  lidar.o(i.LIDAR_Get_Info)
    i.PIN_Configure                          0x00001298   Section        0  pin_lpc17xx.o(i.PIN_Configure)
    i.SSP1_Control                           0x00001394   Section        0  ssp_lpc17xx.o(i.SSP1_Control)
    SSP1_Control                             0x00001395   Thumb Code    18  ssp_lpc17xx.o(i.SSP1_Control)
    i.SSP1_GPDMA_Rx_SignalEvent              0x000013ac   Section        0  ssp_lpc17xx.o(i.SSP1_GPDMA_Rx_SignalEvent)
    i.SSP1_GPDMA_Tx_SignalEvent              0x000013c0   Section        0  ssp_lpc17xx.o(i.SSP1_GPDMA_Tx_SignalEvent)
    i.SSP1_GetDataCount                      0x000013d4   Section        0  ssp_lpc17xx.o(i.SSP1_GetDataCount)
    SSP1_GetDataCount                        0x000013d5   Thumb Code    10  ssp_lpc17xx.o(i.SSP1_GetDataCount)
    i.SSP1_GetStatus                         0x000013e4   Section        0  ssp_lpc17xx.o(i.SSP1_GetStatus)
    SSP1_GetStatus                           0x000013e5   Thumb Code    12  ssp_lpc17xx.o(i.SSP1_GetStatus)
    i.SSP1_IRQHandler                        0x000013f4   Section        0  ssp_lpc17xx.o(i.SSP1_IRQHandler)
    i.SSP1_Initialize                        0x00001404   Section        0  ssp_lpc17xx.o(i.SSP1_Initialize)
    SSP1_Initialize                          0x00001405   Thumb Code    14  ssp_lpc17xx.o(i.SSP1_Initialize)
    i.SSP1_PowerControl                      0x00001418   Section        0  ssp_lpc17xx.o(i.SSP1_PowerControl)
    SSP1_PowerControl                        0x00001419   Thumb Code    14  ssp_lpc17xx.o(i.SSP1_PowerControl)
    i.SSP1_Receive                           0x0000142c   Section        0  ssp_lpc17xx.o(i.SSP1_Receive)
    SSP1_Receive                             0x0000142d   Thumb Code    18  ssp_lpc17xx.o(i.SSP1_Receive)
    i.SSP1_Send                              0x00001444   Section        0  ssp_lpc17xx.o(i.SSP1_Send)
    SSP1_Send                                0x00001445   Thumb Code    18  ssp_lpc17xx.o(i.SSP1_Send)
    i.SSP1_Transfer                          0x0000145c   Section        0  ssp_lpc17xx.o(i.SSP1_Transfer)
    SSP1_Transfer                            0x0000145d   Thumb Code    22  ssp_lpc17xx.o(i.SSP1_Transfer)
    i.SSP1_Uninitialize                      0x00001478   Section        0  ssp_lpc17xx.o(i.SSP1_Uninitialize)
    SSP1_Uninitialize                        0x00001479   Thumb Code    10  ssp_lpc17xx.o(i.SSP1_Uninitialize)
    i.SSP_GetCapabilities                    0x00001488   Section        0  ssp_lpc17xx.o(i.SSP_GetCapabilities)
    SSP_GetCapabilities                      0x00001489   Thumb Code     6  ssp_lpc17xx.o(i.SSP_GetCapabilities)
    i.SSP_GetVersion                         0x00001494   Section        0  ssp_lpc17xx.o(i.SSP_GetVersion)
    SSP_GetVersion                           0x00001495   Thumb Code    10  ssp_lpc17xx.o(i.SSP_GetVersion)
    i.SSPx_Control                           0x000014a4   Section        0  ssp_lpc17xx.o(i.SSPx_Control)
    SSPx_Control                             0x000014a5   Thumb Code  1310  ssp_lpc17xx.o(i.SSPx_Control)
    i.SSPx_GPDMA_Rx_SignalEvent              0x000019c2   Section        0  ssp_lpc17xx.o(i.SSPx_GPDMA_Rx_SignalEvent)
    i.SSPx_GPDMA_Tx_SignalEvent              0x000019f8   Section        0  ssp_lpc17xx.o(i.SSPx_GPDMA_Tx_SignalEvent)
    i.SSPx_GetDataCount                      0x00001a14   Section        0  ssp_lpc17xx.o(i.SSPx_GetDataCount)
    SSPx_GetDataCount                        0x00001a15   Thumb Code    44  ssp_lpc17xx.o(i.SSPx_GetDataCount)
    i.SSPx_GetStatus                         0x00001a40   Section        0  ssp_lpc17xx.o(i.SSPx_GetStatus)
    SSPx_GetStatus                           0x00001a41   Thumb Code    90  ssp_lpc17xx.o(i.SSPx_GetStatus)
    i.SSPx_IRQHandler                        0x00001a9a   Section        0  ssp_lpc17xx.o(i.SSPx_IRQHandler)
    SSPx_IRQHandler                          0x00001a9b   Thumb Code   260  ssp_lpc17xx.o(i.SSPx_IRQHandler)
    i.SSPx_Initialize                        0x00001b9e   Section        0  ssp_lpc17xx.o(i.SSPx_Initialize)
    SSPx_Initialize                          0x00001b9f   Thumb Code   168  ssp_lpc17xx.o(i.SSPx_Initialize)
    i.SSPx_PowerControl                      0x00001c48   Section        0  ssp_lpc17xx.o(i.SSPx_PowerControl)
    SSPx_PowerControl                        0x00001c49   Thumb Code   466  ssp_lpc17xx.o(i.SSPx_PowerControl)
    i.SSPx_Receive                           0x00001e20   Section        0  ssp_lpc17xx.o(i.SSPx_Receive)
    SSPx_Receive                             0x00001e21   Thumb Code   344  ssp_lpc17xx.o(i.SSPx_Receive)
    i.SSPx_Send                              0x00001f7c   Section        0  ssp_lpc17xx.o(i.SSPx_Send)
    SSPx_Send                                0x00001f7d   Thumb Code   336  ssp_lpc17xx.o(i.SSPx_Send)
    i.SSPx_Transfer                          0x000020d0   Section        0  ssp_lpc17xx.o(i.SSPx_Transfer)
    SSPx_Transfer                            0x000020d1   Thumb Code   338  ssp_lpc17xx.o(i.SSPx_Transfer)
    i.SSPx_Uninitialize                      0x00002222   Section        0  ssp_lpc17xx.o(i.SSPx_Uninitialize)
    SSPx_Uninitialize                        0x00002223   Thumb Code   112  ssp_lpc17xx.o(i.SSPx_Uninitialize)
    i.Set_Channel_active_flag                0x00002294   Section        0  gpdma_lpc17xx.o(i.Set_Channel_active_flag)
    Set_Channel_active_flag                  0x00002295   Thumb Code    50  gpdma_lpc17xx.o(i.Set_Channel_active_flag)
    i.SystemInit                             0x000022cc   Section        0  system_lpc17xx.o(i.SystemInit)
    i.UART1_IRQHandler                       0x0000240c   Section        0  uart_lpc17xx.o(i.UART1_IRQHandler)
    i.USART1_Control                         0x0000241c   Section        0  uart_lpc17xx.o(i.USART1_Control)
    USART1_Control                           0x0000241d   Thumb Code    18  uart_lpc17xx.o(i.USART1_Control)
    i.USART1_GPDMA_Rx_Event                  0x00002434   Section        0  uart_lpc17xx.o(i.USART1_GPDMA_Rx_Event)
    i.USART1_GPDMA_Tx_Event                  0x00002448   Section        0  uart_lpc17xx.o(i.USART1_GPDMA_Tx_Event)
    i.USART1_GetCapabilities                 0x0000245c   Section        0  uart_lpc17xx.o(i.USART1_GetCapabilities)
    USART1_GetCapabilities                   0x0000245d   Thumb Code    12  uart_lpc17xx.o(i.USART1_GetCapabilities)
    i.USART1_GetModemStatus                  0x0000246c   Section        0  uart_lpc17xx.o(i.USART1_GetModemStatus)
    USART1_GetModemStatus                    0x0000246d   Thumb Code    12  uart_lpc17xx.o(i.USART1_GetModemStatus)
    i.USART1_GetRxCount                      0x0000247c   Section        0  uart_lpc17xx.o(i.USART1_GetRxCount)
    USART1_GetRxCount                        0x0000247d   Thumb Code    10  uart_lpc17xx.o(i.USART1_GetRxCount)
    i.USART1_GetStatus                       0x0000248c   Section        0  uart_lpc17xx.o(i.USART1_GetStatus)
    USART1_GetStatus                         0x0000248d   Thumb Code    12  uart_lpc17xx.o(i.USART1_GetStatus)
    i.USART1_GetTxCount                      0x0000249c   Section        0  uart_lpc17xx.o(i.USART1_GetTxCount)
    USART1_GetTxCount                        0x0000249d   Thumb Code    10  uart_lpc17xx.o(i.USART1_GetTxCount)
    i.USART1_Initialize                      0x000024ac   Section        0  uart_lpc17xx.o(i.USART1_Initialize)
    USART1_Initialize                        0x000024ad   Thumb Code    14  uart_lpc17xx.o(i.USART1_Initialize)
    i.USART1_PowerControl                    0x000024c0   Section        0  uart_lpc17xx.o(i.USART1_PowerControl)
    USART1_PowerControl                      0x000024c1   Thumb Code    14  uart_lpc17xx.o(i.USART1_PowerControl)
    i.USART1_Receive                         0x000024d4   Section        0  uart_lpc17xx.o(i.USART1_Receive)
    USART1_Receive                           0x000024d5   Thumb Code    18  uart_lpc17xx.o(i.USART1_Receive)
    i.USART1_Send                            0x000024ec   Section        0  uart_lpc17xx.o(i.USART1_Send)
    USART1_Send                              0x000024ed   Thumb Code    18  uart_lpc17xx.o(i.USART1_Send)
    i.USART1_SetModemControl                 0x00002504   Section        0  uart_lpc17xx.o(i.USART1_SetModemControl)
    USART1_SetModemControl                   0x00002505   Thumb Code    14  uart_lpc17xx.o(i.USART1_SetModemControl)
    i.USART1_Transfer                        0x00002518   Section        0  uart_lpc17xx.o(i.USART1_Transfer)
    USART1_Transfer                          0x00002519   Thumb Code    22  uart_lpc17xx.o(i.USART1_Transfer)
    i.USART1_Uninitialize                    0x00002534   Section        0  uart_lpc17xx.o(i.USART1_Uninitialize)
    USART1_Uninitialize                      0x00002535   Thumb Code    10  uart_lpc17xx.o(i.USART1_Uninitialize)
    i.USART_Control                          0x00002544   Section        0  uart_lpc17xx.o(i.USART_Control)
    USART_Control                            0x00002545   Thumb Code  1394  uart_lpc17xx.o(i.USART_Control)
    i.USART_GPDMA_Rx_Event                   0x00002abc   Section        0  uart_lpc17xx.o(i.USART_GPDMA_Rx_Event)
    USART_GPDMA_Rx_Event                     0x00002abd   Thumb Code   134  uart_lpc17xx.o(i.USART_GPDMA_Rx_Event)
    i.USART_GPDMA_Tx_Event                   0x00002b42   Section        0  uart_lpc17xx.o(i.USART_GPDMA_Tx_Event)
    USART_GPDMA_Tx_Event                     0x00002b43   Thumb Code    74  uart_lpc17xx.o(i.USART_GPDMA_Tx_Event)
    i.USART_GetCapabilities                  0x00002b8c   Section        0  uart_lpc17xx.o(i.USART_GetCapabilities)
    USART_GetCapabilities                    0x00002b8d   Thumb Code     6  uart_lpc17xx.o(i.USART_GetCapabilities)
    i.USART_GetModemStatus                   0x00002b92   Section        0  uart_lpc17xx.o(i.USART_GetModemStatus)
    USART_GetModemStatus                     0x00002b93   Thumb Code   236  uart_lpc17xx.o(i.USART_GetModemStatus)
    i.USART_GetRxCount                       0x00002c7e   Section        0  uart_lpc17xx.o(i.USART_GetRxCount)
    USART_GetRxCount                         0x00002c7f   Thumb Code    28  uart_lpc17xx.o(i.USART_GetRxCount)
    i.USART_GetStatus                        0x00002c9a   Section        0  uart_lpc17xx.o(i.USART_GetStatus)
    USART_GetStatus                          0x00002c9b   Thumb Code   188  uart_lpc17xx.o(i.USART_GetStatus)
    i.USART_GetTxCount                       0x00002d56   Section        0  uart_lpc17xx.o(i.USART_GetTxCount)
    USART_GetTxCount                         0x00002d57   Thumb Code    28  uart_lpc17xx.o(i.USART_GetTxCount)
    i.USART_IRQHandler                       0x00002d72   Section        0  uart_lpc17xx.o(i.USART_IRQHandler)
    USART_IRQHandler                         0x00002d73   Thumb Code   624  uart_lpc17xx.o(i.USART_IRQHandler)
    i.USART_Initialize                       0x00002fe2   Section        0  uart_lpc17xx.o(i.USART_Initialize)
    USART_Initialize                         0x00002fe3   Thumb Code   254  uart_lpc17xx.o(i.USART_Initialize)
    i.USART_PIN_Configure                    0x000030e0   Section        0  uart_lpc17xx.o(i.USART_PIN_Configure)
    USART_PIN_Configure                      0x000030e1   Thumb Code   246  uart_lpc17xx.o(i.USART_PIN_Configure)
    i.USART_PowerControl                     0x000031d8   Section        0  uart_lpc17xx.o(i.USART_PowerControl)
    USART_PowerControl                       0x000031d9   Thumb Code   610  uart_lpc17xx.o(i.USART_PowerControl)
    i.USART_Receive                          0x00003440   Section        0  uart_lpc17xx.o(i.USART_Receive)
    USART_Receive                            0x00003441   Thumb Code   272  uart_lpc17xx.o(i.USART_Receive)
    i.USART_RxLineIntHandler                 0x00003550   Section        0  uart_lpc17xx.o(i.USART_RxLineIntHandler)
    USART_RxLineIntHandler                   0x00003551   Thumb Code   104  uart_lpc17xx.o(i.USART_RxLineIntHandler)
    i.USART_Send                             0x000035b8   Section        0  uart_lpc17xx.o(i.USART_Send)
    USART_Send                               0x000035b9   Thumb Code   412  uart_lpc17xx.o(i.USART_Send)
    i.USART_SetBaudrate                      0x00003754   Section        0  uart_lpc17xx.o(i.USART_SetBaudrate)
    i.USART_SetModemControl                  0x00003894   Section        0  uart_lpc17xx.o(i.USART_SetModemControl)
    USART_SetModemControl                    0x00003895   Thumb Code   160  uart_lpc17xx.o(i.USART_SetModemControl)
    i.USART_Transfer                         0x00003934   Section        0  uart_lpc17xx.o(i.USART_Transfer)
    USART_Transfer                           0x00003935   Thumb Code   122  uart_lpc17xx.o(i.USART_Transfer)
    i.USART_Uninitialize                     0x000039ae   Section        0  uart_lpc17xx.o(i.USART_Uninitialize)
    USART_Uninitialize                       0x000039af   Thumb Code   226  uart_lpc17xx.o(i.USART_Uninitialize)
    i.USARTx_GetVersion                      0x00003a90   Section        0  uart_lpc17xx.o(i.USARTx_GetVersion)
    USARTx_GetVersion                        0x00003a91   Thumb Code    10  uart_lpc17xx.o(i.USARTx_GetVersion)
    i.__NVIC_ClearPendingIRQ                 0x00003aa0   Section        0  uart_lpc17xx.o(i.__NVIC_ClearPendingIRQ)
    __NVIC_ClearPendingIRQ                   0x00003aa1   Thumb Code    22  uart_lpc17xx.o(i.__NVIC_ClearPendingIRQ)
    i.__NVIC_ClearPendingIRQ                 0x00003abc   Section        0  ssp_lpc17xx.o(i.__NVIC_ClearPendingIRQ)
    __NVIC_ClearPendingIRQ                   0x00003abd   Thumb Code    22  ssp_lpc17xx.o(i.__NVIC_ClearPendingIRQ)
    i.__NVIC_ClearPendingIRQ                 0x00003ad8   Section        0  gpdma_lpc17xx.o(i.__NVIC_ClearPendingIRQ)
    __NVIC_ClearPendingIRQ                   0x00003ad9   Thumb Code    22  gpdma_lpc17xx.o(i.__NVIC_ClearPendingIRQ)
    i._init_box                              0x00003af4   Section        0  rt_membox.o(i._init_box)
    i._mutex_acquire                         0x00003b3c   Section        0  rtx_conf_cm.o(i._mutex_acquire)
    __tagsym$$used                           0x00003b3d   Number         0  rtx_conf_cm.o(i._mutex_acquire)
    i._mutex_release                         0x00003b5c   Section        0  rtx_conf_cm.o(i._mutex_release)
    __tagsym$$used                           0x00003b5d   Number         0  rtx_conf_cm.o(i._mutex_release)
    i.dbg_init                               0x00003b78   Section        0  hal_cm.o(i.dbg_init)
    i.dbg_task_notify                        0x00003ba8   Section        0  hal_cm.o(i.dbg_task_notify)
    i.dbg_task_switch                        0x00003bc8   Section        0  hal_cm.o(i.dbg_task_switch)
    i.delay_ms                               0x00003bd8   Section        0  glcd_mcb1700.o(i.delay_ms)
    delay_ms                                 0x00003bd9   Thumb Code    42  glcd_mcb1700.o(i.delay_ms)
    i.isrMessageGet                          0x00003c08   Section        0  rt_cmsis.o(i.isrMessageGet)
    i.isrMessagePut                          0x00003c32   Section        0  rt_cmsis.o(i.isrMessagePut)
    i.isr_mbx_receive                        0x00003c60   Section        0  rt_mailbox.o(i.isr_mbx_receive)
    i.isr_mbx_send                           0x00003cb6   Section        0  rt_mailbox.o(i.isr_mbx_send)
    i.main                                   0x00003cc4   Section        0  lidar.o(i.main)
    i.osKernelInitialize                     0x00003dc4   Section        0  rt_cmsis.o(i.osKernelInitialize)
    i.osKernelStart                          0x00003de8   Section        0  rt_cmsis.o(i.osKernelStart)
    i.osMessageGet                           0x00003e54   Section        0  rt_cmsis.o(i.osMessageGet)
    i.osThreadCreate                         0x00003e6c   Section        0  rt_cmsis.o(i.osThreadCreate)
    i.osThreadExit                           0x00003e98   Section        0  rt_cmsis.o(i.osThreadExit)
    i.osTimerCall                            0x00003eb0   Section        0  rt_cmsis.o(i.osTimerCall)
    i.osTimerThread                          0x00003ebc   Section        0  rt_cmsis.o(i.osTimerThread)
    i.os_error                               0x00003ee8   Section        0  rtx_conf_cm.o(i.os_error)
    i.os_idle_demon                          0x00003f0a   Section        0  rtx_conf_cm.o(i.os_idle_demon)
    i.os_tick_init                           0x00003f10   Section        0  rt_system.o(i.os_tick_init)
    i.rd_id_man                              0x00003f38   Section        0  glcd_mcb1700.o(i.rd_id_man)
    rd_id_man                                0x00003f39   Thumb Code   196  glcd_mcb1700.o(i.rd_id_man)
    i.rt_alloc_box                           0x00004000   Section        0  rt_membox.o(i.rt_alloc_box)
    i.rt_alloc_mem                           0x0000401a   Section        0  rt_memory.o(i.rt_alloc_mem)
    i.rt_block                               0x00004058   Section        0  rt_task.o(i.rt_block)
    i.rt_chk_robin                           0x00004090   Section        0  rt_robin.o(i.rt_chk_robin)
    i.rt_dec_dly                             0x000040d8   Section        0  rt_list.o(i.rt_dec_dly)
    i.rt_dispatch                            0x00004148   Section        0  rt_task.o(i.rt_dispatch)
    i.rt_evt_psh                             0x0000418c   Section        0  rt_event.o(i.rt_evt_psh)
    i.rt_free_box                            0x000041dc   Section        0  rt_membox.o(i.rt_free_box)
    i.rt_free_mem                            0x00004208   Section        0  rt_memory.o(i.rt_free_mem)
    i.rt_get_first                           0x00004230   Section        0  rt_list.o(i.rt_get_first)
    i.rt_id2obj                              0x00004258   Section        0  rt_cmsis.o(i.rt_id2obj)
    rt_id2obj                                0x00004259   Thumb Code     8  rt_cmsis.o(i.rt_id2obj)
    i.rt_init_context                        0x00004260   Section        0  rt_task.o(i.rt_init_context)
    rt_init_context                          0x00004261   Thumb Code    66  rt_task.o(i.rt_init_context)
    i.rt_init_mem                            0x000042a8   Section        0  rt_memory.o(i.rt_init_mem)
    i.rt_init_robin                          0x000042c4   Section        0  rt_robin.o(i.rt_init_robin)
    i.rt_init_stack                          0x000042dc   Section        0  hal_cm.o(i.rt_init_stack)
    i.rt_mbx_check                           0x0000435c   Section        0  rt_mailbox.o(i.rt_mbx_check)
    i.rt_mbx_init                            0x00004364   Section        0  rt_mailbox.o(i.rt_mbx_init)
    i.rt_mbx_psh                             0x00004380   Section        0  rt_mailbox.o(i.rt_mbx_psh)
    i.rt_mbx_wait                            0x00004470   Section        0  rt_mailbox.o(i.rt_mbx_wait)
    i.rt_ms2tick                             0x00004524   Section        0  rt_cmsis.o(i.rt_ms2tick)
    rt_ms2tick                               0x00004525   Thumb Code    58  rt_cmsis.o(i.rt_ms2tick)
    i.rt_mut_release                         0x00004568   Section        0  rt_mutex.o(i.rt_mut_release)
    i.rt_mut_wait                            0x00004640   Section        0  rt_mutex.o(i.rt_mut_wait)
    i.rt_pop_req                             0x000046b8   Section        0  rt_system.o(i.rt_pop_req)
    i.rt_psh_req                             0x00004734   Section        0  rt_system.o(i.rt_psh_req)
    i.rt_psq_enq                             0x00004754   Section        0  rt_list.o(i.rt_psq_enq)
    i.rt_put_dly                             0x000047b0   Section        0  rt_list.o(i.rt_put_dly)
    i.rt_put_prio                            0x000047f8   Section        0  rt_list.o(i.rt_put_prio)
    i.rt_put_rdy_first                       0x00004830   Section        0  rt_list.o(i.rt_put_rdy_first)
    i.rt_resort_prio                         0x00004844   Section        0  rt_list.o(i.rt_resort_prio)
    i.rt_ret_val                             0x00004878   Section        0  hal_cm.o(i.rt_ret_val)
    i.rt_ret_val2                            0x0000487e   Section        0  hal_cm.o(i.rt_ret_val2)
    i.rt_rmv_dly                             0x00004886   Section        0  rt_list.o(i.rt_rmv_dly)
    i.rt_rmv_list                            0x000048b0   Section        0  rt_list.o(i.rt_rmv_list)
    i.rt_sem_psh                             0x000048e0   Section        0  rt_semaphore.o(i.rt_sem_psh)
    i.rt_stk_check                           0x00004914   Section        0  rt_system.o(i.rt_stk_check)
    i.rt_switch_req                          0x00004938   Section        0  rt_task.o(i.rt_switch_req)
    i.rt_sys_init                            0x00004960   Section        0  rt_task.o(i.rt_sys_init)
    i.rt_sys_start                           0x00004a2c   Section        0  rt_task.o(i.rt_sys_start)
    i.rt_systick                             0x00004aa4   Section        0  rt_system.o(i.rt_systick)
    i.rt_tid2ptcb                            0x00004ae4   Section        0  rt_cmsis.o(i.rt_tid2ptcb)
    rt_tid2ptcb                              0x00004ae5   Thumb Code    18  rt_cmsis.o(i.rt_tid2ptcb)
    i.rt_timer_insert                        0x00004af8   Section        0  rt_cmsis.o(i.rt_timer_insert)
    rt_timer_insert                          0x00004af9   Thumb Code    48  rt_cmsis.o(i.rt_timer_insert)
    i.rt_tsk_create                          0x00004b2c   Section        0  rt_task.o(i.rt_tsk_create)
    i.rt_tsk_delete                          0x00004bb4   Section        0  rt_task.o(i.rt_tsk_delete)
    i.rt_tsk_prio                            0x00004d30   Section        0  rt_task.o(i.rt_tsk_prio)
    i.rt_tsk_self                            0x00004dac   Section        0  rt_task.o(i.rt_tsk_self)
    i.spi_tran                               0x00004dbc   Section        0  glcd_mcb1700.o(i.spi_tran)
    spi_tran                                 0x00004dbd   Thumb Code    40  glcd_mcb1700.o(i.spi_tran)
    i.spi_tran_man                           0x00004de8   Section        0  glcd_mcb1700.o(i.spi_tran_man)
    spi_tran_man                             0x00004de9   Thumb Code   132  glcd_mcb1700.o(i.spi_tran_man)
    i.svcKernelInitialize                    0x00004e70   Section        0  rt_cmsis.o(i.svcKernelInitialize)
    i.svcKernelStart                         0x00004ee0   Section        0  rt_cmsis.o(i.svcKernelStart)
    i.svcMessageCreate                       0x00004f28   Section        0  rt_cmsis.o(i.svcMessageCreate)
    i.svcMessageGet                          0x00004f4c   Section        0  rt_cmsis.o(i.svcMessageGet)
    i.svcThreadCreate                        0x00004f88   Section        0  rt_cmsis.o(i.svcThreadCreate)
    i.svcThreadGetId                         0x00004ff4   Section        0  rt_cmsis.o(i.svcThreadGetId)
    i.svcThreadTerminate                     0x00005010   Section        0  rt_cmsis.o(i.svcThreadTerminate)
    i.svcTimerCall                           0x00005048   Section        0  rt_cmsis.o(i.svcTimerCall)
    i.sysTimerTick                           0x00005060   Section        0  rt_cmsis.o(i.sysTimerTick)
    i.wr_cmd                                 0x000050bc   Section        0  glcd_mcb1700.o(i.wr_cmd)
    wr_cmd                                   0x000050bd   Thumb Code    70  glcd_mcb1700.o(i.wr_cmd)
    i.wr_dat_only                            0x00005108   Section        0  glcd_mcb1700.o(i.wr_dat_only)
    wr_dat_only                              0x00005109   Thumb Code    46  glcd_mcb1700.o(i.wr_dat_only)
    i.wr_dat_start                           0x0000513c   Section        0  glcd_mcb1700.o(i.wr_dat_start)
    wr_dat_start                             0x0000513d   Thumb Code    20  glcd_mcb1700.o(i.wr_dat_start)
    i.wr_dat_stop                            0x00005154   Section        0  glcd_mcb1700.o(i.wr_dat_stop)
    wr_dat_stop                              0x00005155   Thumb Code    14  glcd_mcb1700.o(i.wr_dat_stop)
    i.wr_reg                                 0x00005168   Section        0  glcd_mcb1700.o(i.wr_reg)
    wr_reg                                   0x00005169   Thumb Code   140  glcd_mcb1700.o(i.wr_reg)
    .constdata                               0x000051f8   Section     6304  glcd_fonts.o(.constdata)
    Font_6x8_h                               0x000051f8   Data         896  glcd_fonts.o(.constdata)
    Font_16x24_h                             0x00005578   Data        5376  glcd_fonts.o(.constdata)
    .constdata                               0x00006a98   Section        8  glcd_mcb1700.o(.constdata)
    spi1_pins                                0x00006a98   Data           8  glcd_mcb1700.o(.constdata)
    .constdata                               0x00006aa0   Section      104  rtx_conf_cm.o(.constdata)
    __tagsym$$used                           0x00006abc   Number         0  rtx_conf_cm.o(.constdata)
    __tagsym$$used                           0x00006ac0   Number         0  rtx_conf_cm.o(.constdata)
    __tagsym$$used                           0x00006ac4   Number         0  rtx_conf_cm.o(.constdata)
    __tagsym$$used                           0x00006ac8   Number         0  rtx_conf_cm.o(.constdata)
    .constdata                               0x00006b08   Section      468  uart_lpc17xx.o(.constdata)
    usart_driver_version                     0x00006b08   Data           4  uart_lpc17xx.o(.constdata)
    fract_div_lookup_table                   0x00006b0c   Data         288  uart_lpc17xx.o(.constdata)
    USART1_pin_tx                            0x00006c2c   Data           2  uart_lpc17xx.o(.constdata)
    USART1_pin_rx                            0x00006c2e   Data           2  uart_lpc17xx.o(.constdata)
    USART1_DMA_Tx                            0x00006c30   Data           8  uart_lpc17xx.o(.constdata)
    USART1_DMA_Rx                            0x00006c38   Data           8  uart_lpc17xx.o(.constdata)
    USART1_Resources                         0x00006c40   Data         100  uart_lpc17xx.o(.constdata)
    .constdata                               0x00006cdc   Section      132  ssp_lpc17xx.o(.constdata)
    DriverVersion                            0x00006cdc   Data           4  ssp_lpc17xx.o(.constdata)
    DriverCapabilities                       0x00006ce0   Data           4  ssp_lpc17xx.o(.constdata)
    SSP1_pin_sck                             0x00006ce4   Data           2  ssp_lpc17xx.o(.constdata)
    SSP1_pin_miso                            0x00006ce6   Data           2  ssp_lpc17xx.o(.constdata)
    SSP1_pin_mosi                            0x00006ce8   Data           2  ssp_lpc17xx.o(.constdata)
    SSP1_pin_ssel                            0x00006cea   Data           2  ssp_lpc17xx.o(.constdata)
    SSP1_Resources                           0x00006cec   Data          72  ssp_lpc17xx.o(.constdata)
    .data                                    0x10000000   Section        9  glcd_mcb1700.o(.data)
    foreground_color                         0x10000000   Data           2  glcd_mcb1700.o(.data)
    background_color                         0x10000002   Data           2  glcd_mcb1700.o(.data)
    active_font                              0x10000004   Data           4  glcd_mcb1700.o(.data)
    Himax                                    0x10000008   Data           1  glcd_mcb1700.o(.data)
    .data                                    0x1000000c   Section       20  rtx_conf_cm.o(.data)
    nr_mutex                                 0x1000001c   Data           4  rtx_conf_cm.o(.data)
    .data                                    0x10000020   Section        8  ssp_lpc17xx.o(.data)
    dummy_data                               0x10000020   Data           4  ssp_lpc17xx.o(.data)
    dummy_data                               0x10000024   Data           4  ssp_lpc17xx.o(.data)
    .data                                    0x10000028   Section        8  gpdma_lpc17xx.o(.data)
    Channel_active                           0x10000028   Data           4  gpdma_lpc17xx.o(.data)
    Init_cnt                                 0x1000002c   Data           4  gpdma_lpc17xx.o(.data)
    .data                                    0x10000030   Section        4  system_lpc17xx.o(.data)
    .data                                    0x10000034   Section        8  rt_cmsis.o(.data)
    .data                                    0x1000003c   Section        8  rt_task.o(.data)
    .data                                    0x10000044   Section        8  rt_system.o(.data)
    os_lock                                  0x10000044   Data           1  rt_system.o(.data)
    os_psh_flag                              0x10000045   Data           1  rt_system.o(.data)
    pend_flags                               0x10000046   Data           1  rt_system.o(.data)
    .data                                    0x1000004c   Section        4  rt_time.o(.data)
    .data                                    0x10000050   Section        8  rt_robin.o(.data)
    .data                                    0x10000058   Section        1  hal_cm.o(.data)
    .bss                                     0x10000060   Section     3016  rtx_conf_cm.o(.bss)
    std_libspace                             0x10000908   Data         672  rtx_conf_cm.o(.bss)
    std_libmutex                             0x10000ba8   Data         128  rtx_conf_cm.o(.bss)
    .bss                                     0x10000c28   Section       52  uart_lpc17xx.o(.bss)
    USART1_Info                              0x10000c28   Data          52  uart_lpc17xx.o(.bss)
    .bss                                     0x10000c5c   Section       44  ssp_lpc17xx.o(.bss)
    SSP1_Info                                0x10000c5c   Data          16  ssp_lpc17xx.o(.bss)
    SSP1_Xfer                                0x10000c6c   Data          28  ssp_lpc17xx.o(.bss)
    .bss                                     0x10000c88   Section      160  gpdma_lpc17xx.o(.bss)
    Channel_info                             0x10000c88   Data         160  gpdma_lpc17xx.o(.bss)
    .bss                                     0x10000d28   Section       52  rt_task.o(.bss)
    .bss                                     0x10000d5c   Section       48  rt_list.o(.bss)
    .bss                                     0x10000d8c   Section       96  libspace.o(.bss)
    HEAP                                     0x10000df0   Section        0  startup_lpc17xx.o(HEAP)
    STACK                                    0x10000df0   Section      512  startup_lpc17xx.o(STACK)
    Heap_Mem                                 0x10000df0   Data           0  startup_lpc17xx.o(HEAP)
    Stack_Mem                                0x10000df0   Data         512  startup_lpc17xx.o(STACK)
    __initial_sp                             0x10000ff0   Data           0  startup_lpc17xx.o(STACK)

    Global Symbols

    Symbol Name                              Value     Ov Type        Size  Object(Section)

    BuildAttributes$$THM_ISAv4$P$D$K$B$S$PE$A:L22UL41UL21$X:L11$S22US41US21$IEEE1$IW$USESV6$~STKCKD$USESV7$~SHL$OSPACE$ROPI$EBA8$UX$STANDARDLIB$REQ8$PRES8$EABIv2 0x00000000   Number         0  anon$$obj.o ABSOLUTE
    __ARM_use_no_argv                        0x00000000   Number         0  lidar.o ABSOLUTE
    __Vectors                                0x00000000   Data           4  startup_lpc17xx.o(RESET)
    __ARM_exceptions_init                     - Undefined Weak Reference
    __alloca_initialize                       - Undefined Weak Reference
    __arm_preinit_                            - Undefined Weak Reference
    __cpp_initialize__aeabi_                  - Undefined Weak Reference
    __cxa_finalize                            - Undefined Weak Reference
    __rt_locale                               - Undefined Weak Reference
    __sigvec_lookup                           - Undefined Weak Reference
    _atexit_init                              - Undefined Weak Reference
    _call_atexit_fns                          - Undefined Weak Reference
    _clock_init                               - Undefined Weak Reference
    _fp_trap_init                             - Undefined Weak Reference
    _fp_trap_shutdown                         - Undefined Weak Reference
    _get_lc_collate                           - Undefined Weak Reference
    _get_lc_ctype                             - Undefined Weak Reference
    _get_lc_monetary                          - Undefined Weak Reference
    _get_lc_numeric                           - Undefined Weak Reference
    _get_lc_time                              - Undefined Weak Reference
    _getenv_init                              - Undefined Weak Reference
    _handle_redirection                       - Undefined Weak Reference
    _init_alloc                               - Undefined Weak Reference
    _init_user_alloc                          - Undefined Weak Reference
    _initio                                   - Undefined Weak Reference
    _rand_init                                - Undefined Weak Reference
    _signal_finish                            - Undefined Weak Reference
    _signal_init                              - Undefined Weak Reference
    _terminate_alloc                          - Undefined Weak Reference
    _terminate_user_alloc                     - Undefined Weak Reference
    _terminateio                              - Undefined Weak Reference
    __main                                   0x000000cd   Thumb Code     8  __main.o(!!!main)
    __scatterload                            0x000000d5   Thumb Code     0  __scatter.o(!!!scatter)
    __scatterload_rt2                        0x000000d5   Thumb Code    44  __scatter.o(!!!scatter)
    __scatterload_rt2_thumb_only             0x000000d5   Thumb Code     0  __scatter.o(!!!scatter)
    __scatterload_null                       0x000000e3   Thumb Code     0  __scatter.o(!!!scatter)
    __scatterload_copy                       0x00000109   Thumb Code    26  __scatter_copy.o(!!handler_copy)
    __scatterload_zeroinit                   0x00000125   Thumb Code    28  __scatter_zi.o(!!handler_zi)
    __rt_lib_init                            0x00000141   Thumb Code     0  libinit.o(.ARM.Collect$$libinit$$00000000)
    __rt_lib_init_alloca_1                   0x00000143   Thumb Code     0  libinit2.o(.ARM.Collect$$libinit$$0000002E)
    __rt_lib_init_argv_1                     0x00000143   Thumb Code     0  libinit2.o(.ARM.Collect$$libinit$$0000002C)
    __rt_lib_init_atexit_1                   0x00000143   Thumb Code     0  libinit2.o(.ARM.Collect$$libinit$$0000001B)
    __rt_lib_init_clock_1                    0x00000143   Thumb Code     0  libinit2.o(.ARM.Collect$$libinit$$00000021)
    __rt_lib_init_cpp_1                      0x00000143   Thumb Code     0  libinit2.o(.ARM.Collect$$libinit$$00000032)
    __rt_lib_init_exceptions_1               0x00000143   Thumb Code     0  libinit2.o(.ARM.Collect$$libinit$$00000030)
    __rt_lib_init_fp_1                       0x00000143   Thumb Code     0  libinit2.o(.ARM.Collect$$libinit$$00000002)
    __rt_lib_init_fp_trap_1                  0x00000143   Thumb Code     0  libinit2.o(.ARM.Collect$$libinit$$0000001F)
    __rt_lib_init_getenv_1                   0x00000143   Thumb Code     0  libinit2.o(.ARM.Collect$$libinit$$00000023)
    __rt_lib_init_heap_1                     0x00000143   Thumb Code     0  libinit2.o(.ARM.Collect$$libinit$$0000000A)
    __rt_lib_init_lc_collate_1               0x00000143   Thumb Code     0  libinit2.o(.ARM.Collect$$libinit$$00000011)
    __rt_lib_init_lc_ctype_1                 0x00000143   Thumb Code     0  libinit2.o(.ARM.Collect$$libinit$$00000013)
    __rt_lib_init_lc_monetary_1              0x00000143   Thumb Code     0  libinit2.o(.ARM.Collect$$libinit$$00000015)
    __rt_lib_init_lc_numeric_1               0x00000143   Thumb Code     0  libinit2.o(.ARM.Collect$$libinit$$00000017)
    __rt_lib_init_lc_time_1                  0x00000143   Thumb Code     0  libinit2.o(.ARM.Collect$$libinit$$00000019)
    __rt_lib_init_preinit_1                  0x00000143   Thumb Code     0  libinit2.o(.ARM.Collect$$libinit$$00000004)
    __rt_lib_init_rand_1                     0x00000143   Thumb Code     0  libinit2.o(.ARM.Collect$$libinit$$0000000E)
    __rt_lib_init_return                     0x00000143   Thumb Code     0  libinit2.o(.ARM.Collect$$libinit$$00000033)
    __rt_lib_init_signal_1                   0x00000143   Thumb Code     0  libinit2.o(.ARM.Collect$$libinit$$0000001D)
    __rt_lib_init_stdio_1                    0x00000143   Thumb Code     0  libinit2.o(.ARM.Collect$$libinit$$00000025)
    __rt_lib_init_user_alloc_1               0x00000143   Thumb Code     0  libinit2.o(.ARM.Collect$$libinit$$0000000C)
    __rt_lib_shutdown                        0x00000145   Thumb Code     0  libshutdown.o(.ARM.Collect$$libshutdown$$00000000)
    __rt_lib_shutdown_cpp_1                  0x00000147   Thumb Code     0  libshutdown2.o(.ARM.Collect$$libshutdown$$00000002)
    __rt_lib_shutdown_fp_trap_1              0x00000147   Thumb Code     0  libshutdown2.o(.ARM.Collect$$libshutdown$$00000007)
    __rt_lib_shutdown_heap_1                 0x00000147   Thumb Code     0  libshutdown2.o(.ARM.Collect$$libshutdown$$0000000F)
    __rt_lib_shutdown_return                 0x00000147   Thumb Code     0  libshutdown2.o(.ARM.Collect$$libshutdown$$00000010)
    __rt_lib_shutdown_signal_1               0x00000147   Thumb Code     0  libshutdown2.o(.ARM.Collect$$libshutdown$$0000000A)
    __rt_lib_shutdown_stdio_1                0x00000147   Thumb Code     0  libshutdown2.o(.ARM.Collect$$libshutdown$$00000004)
    __rt_lib_shutdown_user_alloc_1           0x00000147   Thumb Code     0  libshutdown2.o(.ARM.Collect$$libshutdown$$0000000C)
    __rt_entry                               0x00000149   Thumb Code     0  __rtentry.o(.ARM.Collect$$rtentry$$00000000)
    __rt_entry_presh_1                       0x00000149   Thumb Code     0  __rtentry2.o(.ARM.Collect$$rtentry$$00000002)
    __rt_entry_sh                            0x00000149   Thumb Code     0  __rtentry4.o(.ARM.Collect$$rtentry$$00000004)
    __rt_entry_li                            0x0000014f   Thumb Code     0  __rtentry2.o(.ARM.Collect$$rtentry$$0000000A)
    __rt_entry_postsh_1                      0x0000014f   Thumb Code     0  __rtentry2.o(.ARM.Collect$$rtentry$$00000009)
    __rt_entry_postli_1                      0x00000153   Thumb Code     0  __rtentry2.o(.ARM.Collect$$rtentry$$0000000B)
    __rt_entry_main                          0x0000015b   Thumb Code     0  __rtentry2.o(.ARM.Collect$$rtentry$$0000000D)
    __rt_exit                                0x00000163   Thumb Code     0  rtexit.o(.ARM.Collect$$rtexit$$00000000)
    __rt_exit_ls                             0x00000165   Thumb Code     0  rtexit2.o(.ARM.Collect$$rtexit$$00000003)
    __rt_exit_prels_1                        0x00000165   Thumb Code     0  rtexit2.o(.ARM.Collect$$rtexit$$00000002)
    __rt_exit_exit                           0x00000169   Thumb Code     0  rtexit2.o(.ARM.Collect$$rtexit$$00000004)
    _platform_post_lib_init                  0x00000171   Thumb Code    24  rtx_conf_cm.o(.emb_text)
    rt_set_PSP                               0x0000018d   Thumb Code     6  hal_cm3.o(.emb_text)
    rt_get_PSP                               0x00000193   Thumb Code     6  hal_cm3.o(.emb_text)
    os_set_env                               0x00000199   Thumb Code    24  hal_cm3.o(.emb_text)
    _alloc_box                               0x000001b5   Thumb Code    28  hal_cm3.o(.emb_text)
    _free_box                                0x000001d5   Thumb Code    28  hal_cm3.o(.emb_text)
    SVC_Handler                              0x000001f5   Thumb Code   108  hal_cm3.o(.emb_text)
    PendSV_Handler                           0x0000026d   Thumb Code    56  hal_cm3.o(.emb_text)
    SysTick_Handler                          0x000002a9   Thumb Code     8  hal_cm3.o(.emb_text)
    OS_Tick_Handler                          0x000002b1   Thumb Code    12  hal_cm3.o(.emb_text)
    Reset_Handler                            0x000002bd   Thumb Code     8  startup_lpc17xx.o(.text)
    NMI_Handler                              0x000002c5   Thumb Code     2  startup_lpc17xx.o(.text)
    HardFault_Handler                        0x000002c7   Thumb Code     2  startup_lpc17xx.o(.text)
    MemManage_Handler                        0x000002c9   Thumb Code     2  startup_lpc17xx.o(.text)
    BusFault_Handler                         0x000002cb   Thumb Code     2  startup_lpc17xx.o(.text)
    UsageFault_Handler                       0x000002cd   Thumb Code     2  startup_lpc17xx.o(.text)
    DebugMon_Handler                         0x000002d1   Thumb Code     2  startup_lpc17xx.o(.text)
    ADC_IRQHandler                           0x000002d7   Thumb Code     0  startup_lpc17xx.o(.text)
    BOD_IRQHandler                           0x000002d7   Thumb Code     0  startup_lpc17xx.o(.text)
    CANActivity_IRQHandler                   0x000002d7   Thumb Code     0  startup_lpc17xx.o(.text)
    CAN_IRQHandler                           0x000002d7   Thumb Code     0  startup_lpc17xx.o(.text)
    EINT0_IRQHandler                         0x000002d7   Thumb Code     0  startup_lpc17xx.o(.text)
    EINT1_IRQHandler                         0x000002d7   Thumb Code     0  startup_lpc17xx.o(.text)
    EINT2_IRQHandler                         0x000002d7   Thumb Code     0  startup_lpc17xx.o(.text)
    EINT3_IRQHandler                         0x000002d7   Thumb Code     0  startup_lpc17xx.o(.text)
    ENET_IRQHandler                          0x000002d7   Thumb Code     0  startup_lpc17xx.o(.text)
    I2C0_IRQHandler                          0x000002d7   Thumb Code     0  startup_lpc17xx.o(.text)
    I2C1_IRQHandler                          0x000002d7   Thumb Code     0  startup_lpc17xx.o(.text)
    I2C2_IRQHandler                          0x000002d7   Thumb Code     0  startup_lpc17xx.o(.text)
    I2S_IRQHandler                           0x000002d7   Thumb Code     0  startup_lpc17xx.o(.text)
    MCPWM_IRQHandler                         0x000002d7   Thumb Code     0  startup_lpc17xx.o(.text)
    PLL0_IRQHandler                          0x000002d7   Thumb Code     0  startup_lpc17xx.o(.text)
    PLL1_IRQHandler                          0x000002d7   Thumb Code     0  startup_lpc17xx.o(.text)
    PWM1_IRQHandler                          0x000002d7   Thumb Code     0  startup_lpc17xx.o(.text)
    QEI_IRQHandler                           0x000002d7   Thumb Code     0  startup_lpc17xx.o(.text)
    RIT_IRQHandler                           0x000002d7   Thumb Code     0  startup_lpc17xx.o(.text)
    RTC_IRQHandler                           0x000002d7   Thumb Code     0  startup_lpc17xx.o(.text)
    SPI_IRQHandler                           0x000002d7   Thumb Code     0  startup_lpc17xx.o(.text)
    SSP0_IRQHandler                          0x000002d7   Thumb Code     0  startup_lpc17xx.o(.text)
    TIMER0_IRQHandler                        0x000002d7   Thumb Code     0  startup_lpc17xx.o(.text)
    TIMER1_IRQHandler                        0x000002d7   Thumb Code     0  startup_lpc17xx.o(.text)
    TIMER2_IRQHandler                        0x000002d7   Thumb Code     0  startup_lpc17xx.o(.text)
    TIMER3_IRQHandler                        0x000002d7   Thumb Code     0  startup_lpc17xx.o(.text)
    UART0_IRQHandler                         0x000002d7   Thumb Code     0  startup_lpc17xx.o(.text)
    UART2_IRQHandler                         0x000002d7   Thumb Code     0  startup_lpc17xx.o(.text)
    UART3_IRQHandler                         0x000002d7   Thumb Code     0  startup_lpc17xx.o(.text)
    USBActivity_IRQHandler                   0x000002d7   Thumb Code     0  startup_lpc17xx.o(.text)
    USB_IRQHandler                           0x000002d7   Thumb Code     0  startup_lpc17xx.o(.text)
    WDT_IRQHandler                           0x000002d7   Thumb Code     0  startup_lpc17xx.o(.text)
    __user_initial_stackheap                 0x000002d9   Thumb Code     0  startup_lpc17xx.o(.text)
    __I$use$semihosting                      0x000002f9   Thumb Code     0  use_no_semi.o(.text)
    __use_no_semihosting_swi                 0x000002f9   Thumb Code     2  use_no_semi.o(.text)
    __semihosting_library_function           0x000002fb   Thumb Code     0  indicate_semi.o(.text)
    os_tick_irqack                           0x000002fb   Thumb Code     2  rt_system.o(i.os_tick_irqack)
    __user_libspace                          0x00000301   Thumb Code     8  libspace.o(.text)
    __user_perproc_libspace                  0x00000301   Thumb Code     0  libspace.o(.text)
    __aeabi_uldivmod                         0x00000309   Thumb Code     0  lludivv7m.o(.text)
    _ll_udiv                                 0x00000309   Thumb Code   238  lludivv7m.o(.text)
    exit                                     0x000003f7   Thumb Code    18  exit.o(.text)
    __aeabi_memclr4                          0x00000409   Thumb Code     0  rt_memclr_w.o(.text)
    __aeabi_memclr8                          0x00000409   Thumb Code     0  rt_memclr_w.o(.text)
    __rt_memclr_w                            0x00000409   Thumb Code    78  rt_memclr_w.o(.text)
    _memset_w                                0x0000040d   Thumb Code     0  rt_memclr_w.o(.text)
    __use_two_region_memory                  0x00000457   Thumb Code     2  heapauxi.o(.text)
    __rt_heap_escrow$2region                 0x00000459   Thumb Code     2  heapauxi.o(.text)
    __rt_heap_expand$2region                 0x0000045b   Thumb Code     2  heapauxi.o(.text)
    _sys_exit                                0x0000045d   Thumb Code     8  sys_exit.o(.text)
    __user_setup_stackheap                   0x00000469   Thumb Code    74  sys_stackheap_outer.o(.text)
    __RL_RTX_VER                             0x00000482   Number         0  rt_system.o ABSOLUTE
    SVC_Count                                0x000004b4   Data           4  svc_table.o(SVC_TABLE)
    SVC_Table                                0x000004b8   Data           0  svc_table.o(SVC_TABLE)
    DMA_IRQHandler                           0x000004d9   Thumb Code   372  gpdma_lpc17xx.o(i.DMA_IRQHandler)
    GLCD_ClearScreen                         0x00000659   Thumb Code    54  glcd_mcb1700.o(i.GLCD_ClearScreen)
    GLCD_DrawChar                            0x00000695   Thumb Code   194  glcd_mcb1700.o(i.GLCD_DrawChar)
    GLCD_Initialize                          0x00000765   Thumb Code  1534  glcd_mcb1700.o(i.GLCD_Initialize)
    GLCD_SetBackgroundColor                  0x00000d65   Thumb Code    10  glcd_mcb1700.o(i.GLCD_SetBackgroundColor)
    GLCD_SetFont                             0x00000d75   Thumb Code    10  glcd_mcb1700.o(i.GLCD_SetFont)
    GLCD_SetForegroundColor                  0x00000d85   Thumb Code    10  glcd_mcb1700.o(i.GLCD_SetForegroundColor)
    GPDMA_ChannelConfigure                   0x00000e35   Thumb Code   232  gpdma_lpc17xx.o(i.GPDMA_ChannelConfigure)
    GPDMA_ChannelDisable                     0x00000f29   Thumb Code    44  gpdma_lpc17xx.o(i.GPDMA_ChannelDisable)
    GPDMA_ChannelGetCount                    0x00000f59   Thumb Code    38  gpdma_lpc17xx.o(i.GPDMA_ChannelGetCount)
    GPDMA_Initialize                         0x00000f89   Thumb Code   154  gpdma_lpc17xx.o(i.GPDMA_Initialize)
    GPDMA_PeripheralSelect                   0x00001039   Thumb Code    62  gpdma_lpc17xx.o(i.GPDMA_PeripheralSelect)
    GPDMA_Uninitialize                       0x0000107d   Thumb Code   116  gpdma_lpc17xx.o(i.GPDMA_Uninitialize)
    GPIO_PinRead                             0x000010fd   Thumb Code    28  gpio_lpc17xx.o(i.GPIO_PinRead)
    GPIO_PinWrite                            0x0000111d   Thumb Code    36  gpio_lpc17xx.o(i.GPIO_PinWrite)
    GPIO_PortClock                           0x00001145   Thumb Code    38  gpio_lpc17xx.o(i.GPIO_PortClock)
    GPIO_SetDir                              0x00001171   Thumb Code    52  gpio_lpc17xx.o(i.GPIO_SetDir)
    Init_UART1                               0x00001231   Thumb Code    52  lidar.o(i.Init_UART1)
    LIDAR_Get_Info                           0x00001269   Thumb Code    38  lidar.o(i.LIDAR_Get_Info)
    PIN_Configure                            0x00001299   Thumb Code   246  pin_lpc17xx.o(i.PIN_Configure)
    SSP1_GPDMA_Rx_SignalEvent                0x000013ad   Thumb Code    14  ssp_lpc17xx.o(i.SSP1_GPDMA_Rx_SignalEvent)
    SSP1_GPDMA_Tx_SignalEvent                0x000013c1   Thumb Code    14  ssp_lpc17xx.o(i.SSP1_GPDMA_Tx_SignalEvent)
    SSP1_IRQHandler                          0x000013f5   Thumb Code    10  ssp_lpc17xx.o(i.SSP1_IRQHandler)
    SSPx_GPDMA_Rx_SignalEvent                0x000019c3   Thumb Code    54  ssp_lpc17xx.o(i.SSPx_GPDMA_Rx_SignalEvent)
    SSPx_GPDMA_Tx_SignalEvent                0x000019f9   Thumb Code    28  ssp_lpc17xx.o(i.SSPx_GPDMA_Tx_SignalEvent)
    SystemInit                               0x000022cd   Thumb Code   302  system_lpc17xx.o(i.SystemInit)
    UART1_IRQHandler                         0x0000240d   Thumb Code    10  uart_lpc17xx.o(i.UART1_IRQHandler)
    USART1_GPDMA_Rx_Event                    0x00002435   Thumb Code    14  uart_lpc17xx.o(i.USART1_GPDMA_Rx_Event)
    USART1_GPDMA_Tx_Event                    0x00002449   Thumb Code    14  uart_lpc17xx.o(i.USART1_GPDMA_Tx_Event)
    USART_SetBaudrate                        0x00003755   Thumb Code   314  uart_lpc17xx.o(i.USART_SetBaudrate)
    _init_box                                0x00003af5   Thumb Code    70  rt_membox.o(i._init_box)
    _mutex_acquire                           0x00003b3d   Thumb Code    22  rtx_conf_cm.o(i._mutex_acquire)
    _mutex_release                           0x00003b5d   Thumb Code    18  rtx_conf_cm.o(i._mutex_release)
    dbg_init                                 0x00003b79   Thumb Code    34  hal_cm.o(i.dbg_init)
    dbg_task_notify                          0x00003ba9   Thumb Code    32  hal_cm.o(i.dbg_task_notify)
    dbg_task_switch                          0x00003bc9   Thumb Code    16  hal_cm.o(i.dbg_task_switch)
    isrMessageGet                            0x00003c09   Thumb Code    42  rt_cmsis.o(i.isrMessageGet)
    isrMessagePut                            0x00003c33   Thumb Code    44  rt_cmsis.o(i.isrMessagePut)
    isr_mbx_receive                          0x00003c61   Thumb Code    86  rt_mailbox.o(i.isr_mbx_receive)
    isr_mbx_send                             0x00003cb7   Thumb Code    14  rt_mailbox.o(i.isr_mbx_send)
    main                                     0x00003cc5   Thumb Code   248  lidar.o(i.main)
    osKernelInitialize                       0x00003dc5   Thumb Code    30  rt_cmsis.o(i.osKernelInitialize)
    osKernelStart                            0x00003de9   Thumb Code    98  rt_cmsis.o(i.osKernelStart)
    osMessageGet                             0x00003e55   Thumb Code    18  rt_cmsis.o(i.osMessageGet)
    osThreadCreate                           0x00003e6d   Thumb Code    36  rt_cmsis.o(i.osThreadCreate)
    osThreadExit                             0x00003e99   Thumb Code    14  rt_cmsis.o(i.osThreadExit)
    osTimerCall                              0x00003eb1   Thumb Code     8  rt_cmsis.o(i.osTimerCall)
    osTimerThread                            0x00003ebd   Thumb Code    38  rt_cmsis.o(i.osTimerThread)
    os_error                                 0x00003ee9   Thumb Code    34  rtx_conf_cm.o(i.os_error)
    os_idle_demon                            0x00003f0b   Thumb Code     4  rtx_conf_cm.o(i.os_idle_demon)
    os_tick_init                             0x00003f11   Thumb Code    32  rt_system.o(i.os_tick_init)
    rt_alloc_box                             0x00004001   Thumb Code    26  rt_membox.o(i.rt_alloc_box)
    rt_alloc_mem                             0x0000401b   Thumb Code    62  rt_memory.o(i.rt_alloc_mem)
    rt_block                                 0x00004059   Thumb Code    48  rt_task.o(i.rt_block)
    rt_chk_robin                             0x00004091   Thumb Code    60  rt_robin.o(i.rt_chk_robin)
    rt_dec_dly                               0x000040d9   Thumb Code   102  rt_list.o(i.rt_dec_dly)
    rt_dispatch                              0x00004149   Thumb Code    60  rt_task.o(i.rt_dispatch)
    rt_evt_psh                               0x0000418d   Thumb Code    76  rt_event.o(i.rt_evt_psh)
    rt_free_box                              0x000041dd   Thumb Code    44  rt_membox.o(i.rt_free_box)
    rt_free_mem                              0x00004209   Thumb Code    40  rt_memory.o(i.rt_free_mem)
    rt_get_first                             0x00004231   Thumb Code    40  rt_list.o(i.rt_get_first)
    rt_init_mem                              0x000042a9   Thumb Code    26  rt_memory.o(i.rt_init_mem)
    rt_init_robin                            0x000042c5   Thumb Code    14  rt_robin.o(i.rt_init_robin)
    rt_init_stack                            0x000042dd   Thumb Code   118  hal_cm.o(i.rt_init_stack)
    rt_mbx_check                             0x0000435d   Thumb Code     8  rt_mailbox.o(i.rt_mbx_check)
    rt_mbx_init                              0x00004365   Thumb Code    26  rt_mailbox.o(i.rt_mbx_init)
    rt_mbx_psh                               0x00004381   Thumb Code   236  rt_mailbox.o(i.rt_mbx_psh)
    rt_mbx_wait                              0x00004471   Thumb Code   174  rt_mailbox.o(i.rt_mbx_wait)
    rt_mut_release                           0x00004569   Thumb Code   208  rt_mutex.o(i.rt_mut_release)
    rt_mut_wait                              0x00004641   Thumb Code   114  rt_mutex.o(i.rt_mut_wait)
    rt_pop_req                               0x000046b9   Thumb Code   112  rt_system.o(i.rt_pop_req)
    rt_psh_req                               0x00004735   Thumb Code    22  rt_system.o(i.rt_psh_req)
    rt_psq_enq                               0x00004755   Thumb Code    88  rt_list.o(i.rt_psq_enq)
    rt_put_dly                               0x000047b1   Thumb Code    68  rt_list.o(i.rt_put_dly)
    rt_put_prio                              0x000047f9   Thumb Code    54  rt_list.o(i.rt_put_prio)
    rt_put_rdy_first                         0x00004831   Thumb Code    14  rt_list.o(i.rt_put_rdy_first)
    rt_resort_prio                           0x00004845   Thumb Code    46  rt_list.o(i.rt_resort_prio)
    rt_ret_val                               0x00004879   Thumb Code     6  hal_cm.o(i.rt_ret_val)
    rt_ret_val2                              0x0000487f   Thumb Code     8  hal_cm.o(i.rt_ret_val2)
    rt_rmv_dly                               0x00004887   Thumb Code    40  rt_list.o(i.rt_rmv_dly)
    rt_rmv_list                              0x000048b1   Thumb Code    44  rt_list.o(i.rt_rmv_list)
    rt_sem_psh                               0x000048e1   Thumb Code    48  rt_semaphore.o(i.rt_sem_psh)
    rt_stk_check                             0x00004915   Thumb Code    28  rt_system.o(i.rt_stk_check)
    rt_switch_req                            0x00004939   Thumb Code    30  rt_task.o(i.rt_switch_req)
    rt_sys_init                              0x00004961   Thumb Code   138  rt_task.o(i.rt_sys_init)
    rt_sys_start                             0x00004a2d   Thumb Code   110  rt_task.o(i.rt_sys_start)
    rt_systick                               0x00004aa5   Thumb Code    50  rt_system.o(i.rt_systick)
    rt_tsk_create                            0x00004b2d   Thumb Code   118  rt_task.o(i.rt_tsk_create)
    rt_tsk_delete                            0x00004bb5   Thumb Code   352  rt_task.o(i.rt_tsk_delete)
    rt_tsk_prio                              0x00004d31   Thumb Code   108  rt_task.o(i.rt_tsk_prio)
    rt_tsk_self                              0x00004dad   Thumb Code    12  rt_task.o(i.rt_tsk_self)
    svcKernelInitialize                      0x00004e71   Thumb Code    80  rt_cmsis.o(i.svcKernelInitialize)
    svcKernelStart                           0x00004ee1   Thumb Code    62  rt_cmsis.o(i.svcKernelStart)
    svcMessageCreate                         0x00004f29   Thumb Code    36  rt_cmsis.o(i.svcMessageCreate)
    svcMessageGet                            0x00004f4d   Thumb Code    58  rt_cmsis.o(i.svcMessageGet)
    svcThreadCreate                          0x00004f89   Thumb Code    96  rt_cmsis.o(i.svcThreadCreate)
    svcThreadGetId                           0x00004ff5   Thumb Code    22  rt_cmsis.o(i.svcThreadGetId)
    svcThreadTerminate                       0x00005011   Thumb Code    50  rt_cmsis.o(i.svcThreadTerminate)
    svcTimerCall                             0x00005049   Thumb Code    24  rt_cmsis.o(i.svcTimerCall)
    sysTimerTick                             0x00005061   Thumb Code    84  rt_cmsis.o(i.sysTimerTick)
    GLCD_Font_6x8                            0x00006a78   Data          16  glcd_fonts.o(.constdata)
    GLCD_Font_16x24                          0x00006a88   Data          16  glcd_fonts.o(.constdata)
    os_maxtaskrun                            0x00006aa0   Data           2  rtx_conf_cm.o(.constdata)
    os_stackinfo                             0x00006aa4   Data           4  rtx_conf_cm.o(.constdata)
    os_rrobin                                0x00006aa8   Data           4  rtx_conf_cm.o(.constdata)
    os_tickfreq                              0x00006aac   Data           4  rtx_conf_cm.o(.constdata)
    os_tickus_i                              0x00006ab0   Data           2  rtx_conf_cm.o(.constdata)
    os_tickus_f                              0x00006ab2   Data           2  rtx_conf_cm.o(.constdata)
    os_trv                                   0x00006ab4   Data           4  rtx_conf_cm.o(.constdata)
    os_flags                                 0x00006ab8   Data           1  rtx_conf_cm.o(.constdata)
    CMSIS_RTOS_API_Version                   0x00006abc   Data           4  rtx_conf_cm.o(.constdata)
    CMSIS_RTOS_RTX_Version                   0x00006ac0   Data           4  rtx_conf_cm.o(.constdata)
    os_clockrate                             0x00006ac4   Data           4  rtx_conf_cm.o(.constdata)
    os_timernum                              0x00006ac8   Data           4  rtx_conf_cm.o(.constdata)
    mp_tcb_size                              0x00006acc   Data           2  rtx_conf_cm.o(.constdata)
    mp_stk_size                              0x00006ad0   Data           4  rtx_conf_cm.o(.constdata)
    os_stack_sz                              0x00006ad4   Data           4  rtx_conf_cm.o(.constdata)
    os_fifo_size                             0x00006ad8   Data           1  rtx_conf_cm.o(.constdata)
    os_thread_def_osTimerThread              0x00006adc   Data          16  rtx_conf_cm.o(.constdata)
    os_messageQ_def_osTimerMessageQ          0x00006aec   Data           8  rtx_conf_cm.o(.constdata)
    mp_tmr_size                              0x00006af4   Data           2  rtx_conf_cm.o(.constdata)
    os_thread_def_main                       0x00006af8   Data          16  rtx_conf_cm.o(.constdata)
    Driver_USART1                            0x00006ca4   Data          56  uart_lpc17xx.o(.constdata)
    Driver_SPI1                              0x00006d34   Data          44  ssp_lpc17xx.o(.constdata)
    Region$$Table$$Base                      0x00006d60   Number         0  anon$$obj.o(Region$$Table)
    Region$$Table$$Limit                     0x00006d80   Number         0  anon$$obj.o(Region$$Table)
    osThreadId_osTimerThread                 0x1000000c   Data           4  rtx_conf_cm.o(.data)
    osMessageQId_osTimerMessageQ             0x10000010   Data           4  rtx_conf_cm.o(.data)
    os_tmr                                   0x10000014   Data           4  rtx_conf_cm.o(.data)
    m_tmr                                    0x10000018   Data           4  rtx_conf_cm.o(.data)
    SystemCoreClock                          0x10000030   Data           4  system_lpc17xx.o(.data)
    os_initialized                           0x10000034   Data           1  rt_cmsis.o(.data)
    os_running                               0x10000035   Data           1  rt_cmsis.o(.data)
    os_timer_head                            0x10000038   Data           4  rt_cmsis.o(.data)
    os_tsk                                   0x1000003c   Data           8  rt_task.o(.data)
    os_tick_irqn                             0x10000048   Data           4  rt_system.o(.data)
    os_time                                  0x1000004c   Data           4  rt_time.o(.data)
    os_robin                                 0x10000050   Data           8  rt_robin.o(.data)
    dbg_msg                                  0x10000058   Data           1  hal_cm.o(.data)
    mp_tcb                                   0x10000060   Data         376  rtx_conf_cm.o(.bss)
    mp_stk                                   0x100001d8   Data        1216  rtx_conf_cm.o(.bss)
    os_stack_mem                             0x10000698   Data         432  rtx_conf_cm.o(.bss)
    os_fifo                                  0x10000848   Data         132  rtx_conf_cm.o(.bss)
    os_active_TCB                            0x100008cc   Data          28  rtx_conf_cm.o(.bss)
    os_messageQ_q_osTimerMessageQ            0x100008e8   Data          32  rtx_conf_cm.o(.bss)
    os_idle_TCB                              0x10000d28   Data          52  rt_task.o(.bss)
    os_rdy                                   0x10000d5c   Data          24  rt_list.o(.bss)
    os_dly                                   0x10000d74   Data          24  rt_list.o(.bss)
    __libspace_start                         0x10000d8c   Data          96  libspace.o(.bss)
    __temporary_stack_top$libspace           0x10000dec   Data           0  libspace.o(.bss)



==============================================================================

Memory Map of the image

  Image Entry point : 0x000002bd

  Load Region LR_1 (Base: 0x00000000, Size: 0x00006ddc, Max: 0xffffffff, ABSOLUTE)

    Execution Region ER_RO (Base: 0x00000000, Size: 0x00006d80, Max: 0xffffffff, ABSOLUTE)

    Base Addr    Size         Type   Attr      Idx    E Section Name        Object

    0x00000000   0x000000cc   Data   RO          907    RESET               startup_lpc17xx.o
    0x000000cc   0x00000008   Code   RO         2229  * !!!main             c_w.l(__main.o)
    0x000000d4   0x00000034   Code   RO         2390    !!!scatter          c_w.l(__scatter.o)
    0x00000108   0x0000001a   Code   RO         2392    !!handler_copy      c_w.l(__scatter_copy.o)
    0x00000122   0x00000002   PAD
    0x00000124   0x0000001c   Code   RO         2394    !!handler_zi        c_w.l(__scatter_zi.o)
    0x00000140   0x00000002   Code   RO         2276    .ARM.Collect$$libinit$$00000000  c_w.l(libinit.o)
    0x00000142   0x00000000   Code   RO         2288    .ARM.Collect$$libinit$$00000002  c_w.l(libinit2.o)
    0x00000142   0x00000000   Code   RO         2290    .ARM.Collect$$libinit$$00000004  c_w.l(libinit2.o)
    0x00000142   0x00000000   Code   RO         2293    .ARM.Collect$$libinit$$0000000A  c_w.l(libinit2.o)
    0x00000142   0x00000000   Code   RO         2295    .ARM.Collect$$libinit$$0000000C  c_w.l(libinit2.o)
    0x00000142   0x00000000   Code   RO         2297    .ARM.Collect$$libinit$$0000000E  c_w.l(libinit2.o)
    0x00000142   0x00000000   Code   RO         2300    .ARM.Collect$$libinit$$00000011  c_w.l(libinit2.o)
    0x00000142   0x00000000   Code   RO         2302    .ARM.Collect$$libinit$$00000013  c_w.l(libinit2.o)
    0x00000142   0x00000000   Code   RO         2304    .ARM.Collect$$libinit$$00000015  c_w.l(libinit2.o)
    0x00000142   0x00000000   Code   RO         2306    .ARM.Collect$$libinit$$00000017  c_w.l(libinit2.o)
    0x00000142   0x00000000   Code   RO         2308    .ARM.Collect$$libinit$$00000019  c_w.l(libinit2.o)
    0x00000142   0x00000000   Code   RO         2310    .ARM.Collect$$libinit$$0000001B  c_w.l(libinit2.o)
    0x00000142   0x00000000   Code   RO         2312    .ARM.Collect$$libinit$$0000001D  c_w.l(libinit2.o)
    0x00000142   0x00000000   Code   RO         2314    .ARM.Collect$$libinit$$0000001F  c_w.l(libinit2.o)
    0x00000142   0x00000000   Code   RO         2316    .ARM.Collect$$libinit$$00000021  c_w.l(libinit2.o)
    0x00000142   0x00000000   Code   RO         2318    .ARM.Collect$$libinit$$00000023  c_w.l(libinit2.o)
    0x00000142   0x00000000   Code   RO         2320    .ARM.Collect$$libinit$$00000025  c_w.l(libinit2.o)
    0x00000142   0x00000000   Code   RO         2324    .ARM.Collect$$libinit$$0000002C  c_w.l(libinit2.o)
    0x00000142   0x00000000   Code   RO         2326    .ARM.Collect$$libinit$$0000002E  c_w.l(libinit2.o)
    0x00000142   0x00000000   Code   RO         2328    .ARM.Collect$$libinit$$00000030  c_w.l(libinit2.o)
    0x00000142   0x00000000   Code   RO         2330    .ARM.Collect$$libinit$$00000032  c_w.l(libinit2.o)
    0x00000142   0x00000002   Code   RO         2331    .ARM.Collect$$libinit$$00000033  c_w.l(libinit2.o)
    0x00000144   0x00000002   Code   RO         2277    .ARM.Collect$$libshutdown$$00000000  c_w.l(libshutdown.o)
    0x00000146   0x00000000   Code   RO         2333    .ARM.Collect$$libshutdown$$00000002  c_w.l(libshutdown2.o)
    0x00000146   0x00000000   Code   RO         2335    .ARM.Collect$$libshutdown$$00000004  c_w.l(libshutdown2.o)
    0x00000146   0x00000000   Code   RO         2338    .ARM.Collect$$libshutdown$$00000007  c_w.l(libshutdown2.o)
    0x00000146   0x00000000   Code   RO         2341    .ARM.Collect$$libshutdown$$0000000A  c_w.l(libshutdown2.o)
    0x00000146   0x00000000   Code   RO         2343    .ARM.Collect$$libshutdown$$0000000C  c_w.l(libshutdown2.o)
    0x00000146   0x00000000   Code   RO         2346    .ARM.Collect$$libshutdown$$0000000F  c_w.l(libshutdown2.o)
    0x00000146   0x00000002   Code   RO         2347    .ARM.Collect$$libshutdown$$00000010  c_w.l(libshutdown2.o)
    0x00000148   0x00000000   Code   RO         2231    .ARM.Collect$$rtentry$$00000000  c_w.l(__rtentry.o)
    0x00000148   0x00000000   Code   RO         2239    .ARM.Collect$$rtentry$$00000002  c_w.l(__rtentry2.o)
    0x00000148   0x00000006   Code   RO         2251    .ARM.Collect$$rtentry$$00000004  c_w.l(__rtentry4.o)
    0x0000014e   0x00000000   Code   RO         2241    .ARM.Collect$$rtentry$$00000009  c_w.l(__rtentry2.o)
    0x0000014e   0x00000004   Code   RO         2242    .ARM.Collect$$rtentry$$0000000A  c_w.l(__rtentry2.o)
    0x00000152   0x00000008   Code   RO         2243    .ARM.Collect$$rtentry$$0000000B  c_w.l(__rtentry2.o)
    0x0000015a   0x00000008   Code   RO         2245    .ARM.Collect$$rtentry$$0000000D  c_w.l(__rtentry2.o)
    0x00000162   0x00000002   Code   RO         2232    .ARM.Collect$$rtexit$$00000000  c_w.l(rtexit.o)
    0x00000164   0x00000000   Code   RO         2254    .ARM.Collect$$rtexit$$00000002  c_w.l(rtexit2.o)
    0x00000164   0x00000004   Code   RO         2255    .ARM.Collect$$rtexit$$00000003  c_w.l(rtexit2.o)
    0x00000168   0x00000006   Code   RO         2256    .ARM.Collect$$rtexit$$00000004  c_w.l(rtexit2.o)
    0x0000016e   0x00000002   PAD
    0x00000170   0x0000001c   Code   RO          320    .emb_text           rtx_conf_cm.o
    0x0000018c   0x00000130   Code   RO         2203    .emb_text           RTX_CM3.lib(hal_cm3.o)
    0x000002bc   0x0000003c   Code   RO          909  * .text               startup_lpc17xx.o
    0x000002f8   0x00000002   Code   RO         2278    .text               c_w.l(use_no_semi.o)
    0x000002fa   0x00000000   Code   RO         2280    .text               c_w.l(indicate_semi.o)
    0x000002fa   0x00000002   Code   RO         1750    i.os_tick_irqack    RTX_CM3.lib(rt_system.o)
    0x000002fc   0x00000004   Code   RO          908    .ARM.__at_0x02FC    startup_lpc17xx.o
    0x00000300   0x00000008   Code   RO         2218    .text               c_w.l(libspace.o)
    0x00000308   0x000000ee   Code   RO         2221    .text               c_w.l(lludivv7m.o)
    0x000003f6   0x00000012   Code   RO         2223    .text               c_w.l(exit.o)
    0x00000408   0x0000004e   Code   RO         2225    .text               c_w.l(rt_memclr_w.o)
    0x00000456   0x00000006   Code   RO         2227    .text               c_w.l(heapauxi.o)
    0x0000045c   0x0000000c   Code   RO         2262    .text               c_w.l(sys_exit.o)
    0x00000468   0x0000004a   Code   RO         2264    .text               c_w.l(sys_stackheap_outer.o)
    0x000004b2   0x00000002   PAD
    0x000004b4   0x00000004   Code   RO         2213    SVC_TABLE           RTX_CM3.lib(svc_table.o)
    0x000004b8   0x00000020   Code   RO          782    i.Clear_Channel_active_flag  gpdma_lpc17xx.o
    0x000004d8   0x00000180   Code   RO          783    i.DMA_IRQHandler    gpdma_lpc17xx.o
    0x00000658   0x0000003c   Code   RO          143    i.GLCD_ClearScreen  glcd_mcb1700.o
    0x00000694   0x000000d0   Code   RO          146    i.GLCD_DrawChar     glcd_mcb1700.o
    0x00000764   0x000005fe   Code   RO          154    i.GLCD_Initialize   glcd_mcb1700.o
    0x00000d62   0x00000002   PAD
    0x00000d64   0x00000010   Code   RO          155    i.GLCD_SetBackgroundColor  glcd_mcb1700.o
    0x00000d74   0x00000010   Code   RO          156    i.GLCD_SetFont      glcd_mcb1700.o
    0x00000d84   0x00000010   Code   RO          157    i.GLCD_SetForegroundColor  glcd_mcb1700.o
    0x00000d94   0x000000a0   Code   RO          158    i.GLCD_SetWindow    glcd_mcb1700.o
    0x00000e34   0x000000f4   Code   RO          784    i.GPDMA_ChannelConfigure  gpdma_lpc17xx.o
    0x00000f28   0x00000030   Code   RO          785    i.GPDMA_ChannelDisable  gpdma_lpc17xx.o
    0x00000f58   0x00000030   Code   RO          787    i.GPDMA_ChannelGetCount  gpdma_lpc17xx.o
    0x00000f88   0x000000b0   Code   RO          789    i.GPDMA_Initialize  gpdma_lpc17xx.o
    0x00001038   0x00000044   Code   RO          790    i.GPDMA_PeripheralSelect  gpdma_lpc17xx.o
    0x0000107c   0x00000080   Code   RO          791    i.GPDMA_Uninitialize  gpdma_lpc17xx.o
    0x000010fc   0x00000020   Code   RO          954    i.GPIO_PinRead      gpio_lpc17xx.o
    0x0000111c   0x00000028   Code   RO          955    i.GPIO_PinWrite     gpio_lpc17xx.o
    0x00001144   0x0000002c   Code   RO          956    i.GPIO_PortClock    gpio_lpc17xx.o
    0x00001170   0x00000038   Code   RO          959    i.GPIO_SetDir       gpio_lpc17xx.o
    0x000011a8   0x00000044   Code   RO          604    i.GetSSPClockFreq   ssp_lpc17xx.o
    0x000011ec   0x00000044   Code   RO          381    i.GetUsartClockFreq  uart_lpc17xx.o
    0x00001230   0x00000038   Code   RO            4    i.Init_UART1        lidar.o
    0x00001268   0x00000030   Code   RO            6    i.LIDAR_Get_Info    lidar.o
    0x00001298   0x000000fc   Code   RO          872    i.PIN_Configure     pin_lpc17xx.o
    0x00001394   0x00000018   Code   RO          605    i.SSP1_Control      ssp_lpc17xx.o
    0x000013ac   0x00000014   Code   RO          606    i.SSP1_GPDMA_Rx_SignalEvent  ssp_lpc17xx.o
    0x000013c0   0x00000014   Code   RO          607    i.SSP1_GPDMA_Tx_SignalEvent  ssp_lpc17xx.o
    0x000013d4   0x00000010   Code   RO          608    i.SSP1_GetDataCount  ssp_lpc17xx.o
    0x000013e4   0x00000010   Code   RO          609    i.SSP1_GetStatus    ssp_lpc17xx.o
    0x000013f4   0x00000010   Code   RO          610    i.SSP1_IRQHandler   ssp_lpc17xx.o
    0x00001404   0x00000014   Code   RO          611    i.SSP1_Initialize   ssp_lpc17xx.o
    0x00001418   0x00000014   Code   RO          612    i.SSP1_PowerControl  ssp_lpc17xx.o
    0x0000142c   0x00000018   Code   RO          613    i.SSP1_Receive      ssp_lpc17xx.o
    0x00001444   0x00000018   Code   RO          614    i.SSP1_Send         ssp_lpc17xx.o
    0x0000145c   0x0000001c   Code   RO          615    i.SSP1_Transfer     ssp_lpc17xx.o
    0x00001478   0x00000010   Code   RO          616    i.SSP1_Uninitialize  ssp_lpc17xx.o
    0x00001488   0x0000000c   Code   RO          617    i.SSP_GetCapabilities  ssp_lpc17xx.o
    0x00001494   0x00000010   Code   RO          618    i.SSP_GetVersion    ssp_lpc17xx.o
    0x000014a4   0x0000051e   Code   RO          619    i.SSPx_Control      ssp_lpc17xx.o
    0x000019c2   0x00000036   Code   RO          620    i.SSPx_GPDMA_Rx_SignalEvent  ssp_lpc17xx.o
    0x000019f8   0x0000001c   Code   RO          621    i.SSPx_GPDMA_Tx_SignalEvent  ssp_lpc17xx.o
    0x00001a14   0x0000002c   Code   RO          622    i.SSPx_GetDataCount  ssp_lpc17xx.o
    0x00001a40   0x0000005a   Code   RO          623    i.SSPx_GetStatus    ssp_lpc17xx.o
    0x00001a9a   0x00000104   Code   RO          624    i.SSPx_IRQHandler   ssp_lpc17xx.o
    0x00001b9e   0x000000a8   Code   RO          625    i.SSPx_Initialize   ssp_lpc17xx.o
    0x00001c46   0x00000002   PAD
    0x00001c48   0x000001d8   Code   RO          626    i.SSPx_PowerControl  ssp_lpc17xx.o
    0x00001e20   0x0000015c   Code   RO          627    i.SSPx_Receive      ssp_lpc17xx.o
    0x00001f7c   0x00000154   Code   RO          628    i.SSPx_Send         ssp_lpc17xx.o
    0x000020d0   0x00000152   Code   RO          629    i.SSPx_Transfer     ssp_lpc17xx.o
    0x00002222   0x00000070   Code   RO          630    i.SSPx_Uninitialize  ssp_lpc17xx.o
    0x00002292   0x00000002   PAD
    0x00002294   0x00000038   Code   RO          792    i.Set_Channel_active_flag  gpdma_lpc17xx.o
    0x000022cc   0x00000140   Code   RO          919    i.SystemInit        system_lpc17xx.o
    0x0000240c   0x00000010   Code   RO          382    i.UART1_IRQHandler  uart_lpc17xx.o
    0x0000241c   0x00000018   Code   RO          383    i.USART1_Control    uart_lpc17xx.o
    0x00002434   0x00000014   Code   RO          384    i.USART1_GPDMA_Rx_Event  uart_lpc17xx.o
    0x00002448   0x00000014   Code   RO          385    i.USART1_GPDMA_Tx_Event  uart_lpc17xx.o
    0x0000245c   0x00000010   Code   RO          386    i.USART1_GetCapabilities  uart_lpc17xx.o
    0x0000246c   0x00000010   Code   RO          387    i.USART1_GetModemStatus  uart_lpc17xx.o
    0x0000247c   0x00000010   Code   RO          388    i.USART1_GetRxCount  uart_lpc17xx.o
    0x0000248c   0x00000010   Code   RO          389    i.USART1_GetStatus  uart_lpc17xx.o
    0x0000249c   0x00000010   Code   RO          390    i.USART1_GetTxCount  uart_lpc17xx.o
    0x000024ac   0x00000014   Code   RO          391    i.USART1_Initialize  uart_lpc17xx.o
    0x000024c0   0x00000014   Code   RO          392    i.USART1_PowerControl  uart_lpc17xx.o
    0x000024d4   0x00000018   Code   RO          393    i.USART1_Receive    uart_lpc17xx.o
    0x000024ec   0x00000018   Code   RO          394    i.USART1_Send       uart_lpc17xx.o
    0x00002504   0x00000014   Code   RO          395    i.USART1_SetModemControl  uart_lpc17xx.o
    0x00002518   0x0000001c   Code   RO          396    i.USART1_Transfer   uart_lpc17xx.o
    0x00002534   0x00000010   Code   RO          397    i.USART1_Uninitialize  uart_lpc17xx.o
    0x00002544   0x00000578   Code   RO          398    i.USART_Control     uart_lpc17xx.o
    0x00002abc   0x00000086   Code   RO          399    i.USART_GPDMA_Rx_Event  uart_lpc17xx.o
    0x00002b42   0x0000004a   Code   RO          400    i.USART_GPDMA_Tx_Event  uart_lpc17xx.o
    0x00002b8c   0x00000006   Code   RO          401    i.USART_GetCapabilities  uart_lpc17xx.o
    0x00002b92   0x000000ec   Code   RO          402    i.USART_GetModemStatus  uart_lpc17xx.o
    0x00002c7e   0x0000001c   Code   RO          403    i.USART_GetRxCount  uart_lpc17xx.o
    0x00002c9a   0x000000bc   Code   RO          404    i.USART_GetStatus   uart_lpc17xx.o
    0x00002d56   0x0000001c   Code   RO          405    i.USART_GetTxCount  uart_lpc17xx.o
    0x00002d72   0x00000270   Code   RO          406    i.USART_IRQHandler  uart_lpc17xx.o
    0x00002fe2   0x000000fe   Code   RO          407    i.USART_Initialize  uart_lpc17xx.o
    0x000030e0   0x000000f6   Code   RO          408    i.USART_PIN_Configure  uart_lpc17xx.o
    0x000031d6   0x00000002   PAD
    0x000031d8   0x00000268   Code   RO          409    i.USART_PowerControl  uart_lpc17xx.o
    0x00003440   0x00000110   Code   RO          410    i.USART_Receive     uart_lpc17xx.o
    0x00003550   0x00000068   Code   RO          411    i.USART_RxLineIntHandler  uart_lpc17xx.o
    0x000035b8   0x0000019c   Code   RO          412    i.USART_Send        uart_lpc17xx.o
    0x00003754   0x00000140   Code   RO          413    i.USART_SetBaudrate  uart_lpc17xx.o
    0x00003894   0x000000a0   Code   RO          414    i.USART_SetModemControl  uart_lpc17xx.o
    0x00003934   0x0000007a   Code   RO          415    i.USART_Transfer    uart_lpc17xx.o
    0x000039ae   0x000000e2   Code   RO          416    i.USART_Uninitialize  uart_lpc17xx.o
    0x00003a90   0x00000010   Code   RO          417    i.USARTx_GetVersion  uart_lpc17xx.o
    0x00003aa0   0x0000001c   Code   RO          418    i.__NVIC_ClearPendingIRQ  uart_lpc17xx.o
    0x00003abc   0x0000001c   Code   RO          631    i.__NVIC_ClearPendingIRQ  ssp_lpc17xx.o
    0x00003ad8   0x0000001c   Code   RO          793    i.__NVIC_ClearPendingIRQ  gpdma_lpc17xx.o
    0x00003af4   0x00000046   Code   RO         2102    i._init_box         RTX_CM3.lib(rt_membox.o)
    0x00003b3a   0x00000002   PAD
    0x00003b3c   0x00000020   Code   RO          322    i._mutex_acquire    rtx_conf_cm.o
    0x00003b5c   0x0000001c   Code   RO          324    i._mutex_release    rtx_conf_cm.o
    0x00003b78   0x00000030   Code   RO         2155    i.dbg_init          RTX_CM3.lib(hal_cm.o)
    0x00003ba8   0x00000020   Code   RO         2156    i.dbg_task_notify   RTX_CM3.lib(hal_cm.o)
    0x00003bc8   0x00000010   Code   RO         2157    i.dbg_task_switch   RTX_CM3.lib(hal_cm.o)
    0x00003bd8   0x00000030   Code   RO          161    i.delay_ms          glcd_mcb1700.o
    0x00003c08   0x0000002a   Code   RO         1008    i.isrMessageGet     RTX_CM3.lib(rt_cmsis.o)
    0x00003c32   0x0000002c   Code   RO         1009    i.isrMessagePut     RTX_CM3.lib(rt_cmsis.o)
    0x00003c5e   0x00000002   PAD
    0x00003c60   0x00000056   Code   RO         1957    i.isr_mbx_receive   RTX_CM3.lib(rt_mailbox.o)
    0x00003cb6   0x0000000e   Code   RO         1958    i.isr_mbx_send      RTX_CM3.lib(rt_mailbox.o)
    0x00003cc4   0x00000100   Code   RO           10    i.main              lidar.o
    0x00003dc4   0x00000024   Code   RO         1013    i.osKernelInitialize  RTX_CM3.lib(rt_cmsis.o)
    0x00003de8   0x0000006c   Code   RO         1015    i.osKernelStart     RTX_CM3.lib(rt_cmsis.o)
    0x00003e54   0x00000018   Code   RO         1024    i.osMessageGet      RTX_CM3.lib(rt_cmsis.o)
    0x00003e6c   0x0000002c   Code   RO         1041    i.osThreadCreate    RTX_CM3.lib(rt_cmsis.o)
    0x00003e98   0x00000018   Code   RO         1042    i.osThreadExit      RTX_CM3.lib(rt_cmsis.o)
    0x00003eb0   0x0000000c   Code   RO         1048    i.osTimerCall       RTX_CM3.lib(rt_cmsis.o)
    0x00003ebc   0x0000002c   Code   RO         1053    i.osTimerThread     RTX_CM3.lib(rt_cmsis.o)
    0x00003ee8   0x00000022   Code   RO          325    i.os_error          rtx_conf_cm.o
    0x00003f0a   0x00000004   Code   RO          326    i.os_idle_demon     rtx_conf_cm.o
    0x00003f0e   0x00000002   PAD
    0x00003f10   0x00000028   Code   RO         1749    i.os_tick_init      RTX_CM3.lib(rt_system.o)
    0x00003f38   0x000000c8   Code   RO          162    i.rd_id_man         glcd_mcb1700.o
    0x00004000   0x0000001a   Code   RO         2103    i.rt_alloc_box      RTX_CM3.lib(rt_membox.o)
    0x0000401a   0x0000003e   Code   RO         2131    i.rt_alloc_mem      RTX_CM3.lib(rt_memory.o)
    0x00004058   0x00000038   Code   RO         1630    i.rt_block          RTX_CM3.lib(rt_task.o)
    0x00004090   0x00000048   Code   RO         2080    i.rt_chk_robin      RTX_CM3.lib(rt_robin.o)
    0x000040d8   0x00000070   Code   RO         1881    i.rt_dec_dly        RTX_CM3.lib(rt_list.o)
    0x00004148   0x00000044   Code   RO         1631    i.rt_dispatch       RTX_CM3.lib(rt_task.o)
    0x0000418c   0x00000050   Code   RO         1842    i.rt_evt_psh        RTX_CM3.lib(rt_event.o)
    0x000041dc   0x0000002c   Code   RO         2104    i.rt_free_box       RTX_CM3.lib(rt_membox.o)
    0x00004208   0x00000028   Code   RO         2132    i.rt_free_mem       RTX_CM3.lib(rt_memory.o)
    0x00004230   0x00000028   Code   RO         1882    i.rt_get_first      RTX_CM3.lib(rt_list.o)
    0x00004258   0x00000008   Code   RO         1058    i.rt_id2obj         RTX_CM3.lib(rt_cmsis.o)
    0x00004260   0x00000048   Code   RO         1632    i.rt_init_context   RTX_CM3.lib(rt_task.o)
    0x000042a8   0x0000001a   Code   RO         2133    i.rt_init_mem       RTX_CM3.lib(rt_memory.o)
    0x000042c2   0x00000002   PAD
    0x000042c4   0x00000018   Code   RO         2081    i.rt_init_robin     RTX_CM3.lib(rt_robin.o)
    0x000042dc   0x00000080   Code   RO         2158    i.rt_init_stack     RTX_CM3.lib(hal_cm.o)
    0x0000435c   0x00000008   Code   RO         1959    i.rt_mbx_check      RTX_CM3.lib(rt_mailbox.o)
    0x00004364   0x0000001a   Code   RO         1960    i.rt_mbx_init       RTX_CM3.lib(rt_mailbox.o)
    0x0000437e   0x00000002   PAD
    0x00004380   0x000000f0   Code   RO         1961    i.rt_mbx_psh        RTX_CM3.lib(rt_mailbox.o)
    0x00004470   0x000000b4   Code   RO         1963    i.rt_mbx_wait       RTX_CM3.lib(rt_mailbox.o)
    0x00004524   0x00000044   Code   RO         1059    i.rt_ms2tick        RTX_CM3.lib(rt_cmsis.o)
    0x00004568   0x000000d8   Code   RO         1716    i.rt_mut_release    RTX_CM3.lib(rt_mutex.o)
    0x00004640   0x00000078   Code   RO         1717    i.rt_mut_wait       RTX_CM3.lib(rt_mutex.o)
    0x000046b8   0x0000007c   Code   RO         1753    i.rt_pop_req        RTX_CM3.lib(rt_system.o)
    0x00004734   0x00000020   Code   RO         1754    i.rt_psh_req        RTX_CM3.lib(rt_system.o)
    0x00004754   0x0000005c   Code   RO         1884    i.rt_psq_enq        RTX_CM3.lib(rt_list.o)
    0x000047b0   0x00000048   Code   RO         1885    i.rt_put_dly        RTX_CM3.lib(rt_list.o)
    0x000047f8   0x00000036   Code   RO         1886    i.rt_put_prio       RTX_CM3.lib(rt_list.o)
    0x0000482e   0x00000002   PAD
    0x00004830   0x00000014   Code   RO         1887    i.rt_put_rdy_first  RTX_CM3.lib(rt_list.o)
    0x00004844   0x00000034   Code   RO         1888    i.rt_resort_prio    RTX_CM3.lib(rt_list.o)
    0x00004878   0x00000006   Code   RO         2159    i.rt_ret_val        RTX_CM3.lib(hal_cm.o)
    0x0000487e   0x00000008   Code   RO         2160    i.rt_ret_val2       RTX_CM3.lib(hal_cm.o)
    0x00004886   0x00000028   Code   RO         1889    i.rt_rmv_dly        RTX_CM3.lib(rt_list.o)
    0x000048ae   0x00000002   PAD
    0x000048b0   0x00000030   Code   RO         1890    i.rt_rmv_list       RTX_CM3.lib(rt_list.o)
    0x000048e0   0x00000034   Code   RO         2008    i.rt_sem_psh        RTX_CM3.lib(rt_semaphore.o)
    0x00004914   0x00000024   Code   RO         1756    i.rt_stk_check      RTX_CM3.lib(rt_system.o)
    0x00004938   0x00000028   Code   RO         1633    i.rt_switch_req     RTX_CM3.lib(rt_task.o)
    0x00004960   0x000000cc   Code   RO         1634    i.rt_sys_init       RTX_CM3.lib(rt_task.o)
    0x00004a2c   0x00000078   Code   RO         1635    i.rt_sys_start      RTX_CM3.lib(rt_task.o)
    0x00004aa4   0x00000040   Code   RO         1758    i.rt_systick        RTX_CM3.lib(rt_system.o)
    0x00004ae4   0x00000012   Code   RO         1060    i.rt_tid2ptcb       RTX_CM3.lib(rt_cmsis.o)
    0x00004af6   0x00000002   PAD
    0x00004af8   0x00000034   Code   RO         1061    i.rt_timer_insert   RTX_CM3.lib(rt_cmsis.o)
    0x00004b2c   0x00000088   Code   RO         1636    i.rt_tsk_create     RTX_CM3.lib(rt_task.o)
    0x00004bb4   0x0000017c   Code   RO         1637    i.rt_tsk_delete     RTX_CM3.lib(rt_task.o)
    0x00004d30   0x0000007c   Code   RO         1639    i.rt_tsk_prio       RTX_CM3.lib(rt_task.o)
    0x00004dac   0x00000010   Code   RO         1640    i.rt_tsk_self       RTX_CM3.lib(rt_task.o)
    0x00004dbc   0x0000002c   Code   RO          163    i.spi_tran          glcd_mcb1700.o
    0x00004de8   0x00000088   Code   RO          164    i.spi_tran_man      glcd_mcb1700.o
    0x00004e70   0x00000070   Code   RO         1064    i.svcKernelInitialize  RTX_CM3.lib(rt_cmsis.o)
    0x00004ee0   0x00000048   Code   RO         1066    i.svcKernelStart    RTX_CM3.lib(rt_cmsis.o)
    0x00004f28   0x00000024   Code   RO         1069    i.svcMessageCreate  RTX_CM3.lib(rt_cmsis.o)
    0x00004f4c   0x0000003a   Code   RO         1070    i.svcMessageGet     RTX_CM3.lib(rt_cmsis.o)
    0x00004f86   0x00000002   PAD
    0x00004f88   0x0000006c   Code   RO         1084    i.svcThreadCreate   RTX_CM3.lib(rt_cmsis.o)
    0x00004ff4   0x0000001c   Code   RO         1085    i.svcThreadGetId    RTX_CM3.lib(rt_cmsis.o)
    0x00005010   0x00000038   Code   RO         1088    i.svcThreadTerminate  RTX_CM3.lib(rt_cmsis.o)
    0x00005048   0x00000018   Code   RO         1090    i.svcTimerCall      RTX_CM3.lib(rt_cmsis.o)
    0x00005060   0x0000005c   Code   RO         1099    i.sysTimerTick      RTX_CM3.lib(rt_cmsis.o)
    0x000050bc   0x0000004c   Code   RO          165    i.wr_cmd            glcd_mcb1700.o
    0x00005108   0x00000034   Code   RO          166    i.wr_dat_only       glcd_mcb1700.o
    0x0000513c   0x00000018   Code   RO          167    i.wr_dat_start      glcd_mcb1700.o
    0x00005154   0x00000014   Code   RO          168    i.wr_dat_stop       glcd_mcb1700.o
    0x00005168   0x00000090   Code   RO          169    i.wr_reg            glcd_mcb1700.o
    0x000051f8   0x000018a0   Data   RO          128    .constdata          glcd_fonts.o
    0x00006a98   0x00000008   Data   RO          170    .constdata          glcd_mcb1700.o
    0x00006aa0   0x00000068   Data   RO          328    .constdata          rtx_conf_cm.o
    0x00006b08   0x000001d4   Data   RO          420    .constdata          uart_lpc17xx.o
    0x00006cdc   0x00000084   Data   RO          633    .constdata          ssp_lpc17xx.o
    0x00006d60   0x00000020   Data   RO         2388    Region$$Table       anon$$obj.o


    Execution Region ER_RW (Base: 0x10000000, Size: 0x0000005c, Max: 0xffffffff, ABSOLUTE)

    Base Addr    Size         Type   Attr      Idx    E Section Name        Object

    0x10000000   0x00000009   Data   RW          171    .data               glcd_mcb1700.o
    0x10000009   0x00000003   PAD
    0x1000000c   0x00000014   Data   RW          329    .data               rtx_conf_cm.o
    0x10000020   0x00000008   Data   RW          634    .data               ssp_lpc17xx.o
    0x10000028   0x00000008   Data   RW          795    .data               gpdma_lpc17xx.o
    0x10000030   0x00000004   Data   RW          920    .data               system_lpc17xx.o
    0x10000034   0x00000008   Data   RW         1102    .data               RTX_CM3.lib(rt_cmsis.o)
    0x1000003c   0x00000008   Data   RW         1642    .data               RTX_CM3.lib(rt_task.o)
    0x10000044   0x00000008   Data   RW         1761    .data               RTX_CM3.lib(rt_system.o)
    0x1000004c   0x00000004   Data   RW         2051    .data               RTX_CM3.lib(rt_time.o)
    0x10000050   0x00000008   Data   RW         2082    .data               RTX_CM3.lib(rt_robin.o)
    0x10000058   0x00000001   Data   RW         2161    .data               RTX_CM3.lib(hal_cm.o)


    Execution Region ER_ZI (Base: 0x1000005c, Size: 0x00000f94, Max: 0xffffffff, ABSOLUTE)

    Base Addr    Size         Type   Attr      Idx    E Section Name        Object

    0x1000005c   0x00000004   PAD
    0x10000060   0x00000bc8   Zero   RW          327    .bss                rtx_conf_cm.o
    0x10000c28   0x00000034   Zero   RW          419    .bss                uart_lpc17xx.o
    0x10000c5c   0x0000002c   Zero   RW          632    .bss                ssp_lpc17xx.o
    0x10000c88   0x000000a0   Zero   RW          794    .bss                gpdma_lpc17xx.o
    0x10000d28   0x00000034   Zero   RW         1641    .bss                RTX_CM3.lib(rt_task.o)
    0x10000d5c   0x00000030   Zero   RW         1891    .bss                RTX_CM3.lib(rt_list.o)
    0x10000d8c   0x00000060   Zero   RW         2219    .bss                c_w.l(libspace.o)
    0x10000dec   0x00000004   PAD
    0x10000df0   0x00000000   Zero   RW          906    HEAP                startup_lpc17xx.o
    0x10000df0   0x00000200   Zero   RW          905    STACK               startup_lpc17xx.o


==============================================================================

Image component sizes


      Code (inc. data)   RO Data    RW Data    ZI Data      Debug   Object Name

         0          0       6304          0          0        828   glcd_fonts.o
      2754        104          8          9          0      15786   glcd_mcb1700.o
      1212         94          0          8        160       8086   gpdma_lpc17xx.o
       172         18          0          0          0       2294   gpio_lpc17xx.o
       360         22          0          0          0      34957   lidar.o
       252          6          0          0          0        804   pin_lpc17xx.o
       126         26        104         20       3016       9011   rtx_conf_cm.o
      3932        106        132          8         44      22934   ssp_lpc17xx.o
        64         26        204          0        512        988   startup_lpc17xx.o
       320         18          0          4          0        795   system_lpc17xx.o
      5874        160        468          0         52      59906   uart_lpc17xx.o

    ----------------------------------------------------------------------
     15076        580       7252         52       3784     156389   Object Totals
         0          0         32          0          0          0   (incl. Generated)
        10          0          0          3          0          0   (incl. Padding)

    ----------------------------------------------------------------------

      Code (inc. data)   RO Data    RW Data    ZI Data      Debug   Library Member Name

       238         24          0          1          0       3268   hal_cm.o
       304         36          0          0          0        760   hal_cm3.o
      1110        138          0          8          0      32041   rt_cmsis.o
        80          4          0          0          0        653   rt_event.o
       530         34          0          0         48       8169   rt_list.o
       554         10          0          0          0       3901   rt_mailbox.o
       140          0          0          0          0       1901   rt_membox.o
       128          0          0          0          0       2275   rt_memory.o
       336         14          0          0          0       1631   rt_mutex.o
        96         22          0          8          0       1134   rt_robin.o
        52          4          0          0          0        565   rt_semaphore.o
       298         52          0          8          0       6151   rt_system.o
      1216        174          0          8         52       9565   rt_task.o
         0          0          0          4          0        210   rt_time.o
         4          4          0          0          0        200   svc_table.o
         8          0          0          0          0         68   __main.o
         0          0          0          0          0          0   __rtentry.o
        20          0          0          0          0          0   __rtentry2.o
         6          0          0          0          0          0   __rtentry4.o
        52          8          0          0          0          0   __scatter.o
        26          0          0          0          0          0   __scatter_copy.o
        28          0          0          0          0          0   __scatter_zi.o
        18          0          0          0          0         80   exit.o
         6          0          0          0          0        152   heapauxi.o
         0          0          0          0          0          0   indicate_semi.o
         2          0          0          0          0          0   libinit.o
         2          0          0          0          0          0   libinit2.o
         2          0          0          0          0          0   libshutdown.o
         2          0          0          0          0          0   libshutdown2.o
         8          4          0          0         96         68   libspace.o
       238          0          0          0          0        100   lludivv7m.o
        78          0          0          0          0         80   rt_memclr_w.o
         2          0          0          0          0          0   rtexit.o
        10          0          0          0          0          0   rtexit2.o
        12          4          0          0          0         68   sys_exit.o
        74          0          0          0          0         80   sys_stackheap_outer.o
         2          0          0          0          0         68   use_no_semi.o

    ----------------------------------------------------------------------
      5704        532          0         40        204      73188   Library Totals
        22          0          0          3          8          0   (incl. Padding)

    ----------------------------------------------------------------------

      Code (inc. data)   RO Data    RW Data    ZI Data      Debug   Library Name

      5086        516          0         37        100      72424   RTX_CM3.lib
       596         16          0          0         96        764   c_w.l

    ----------------------------------------------------------------------
      5704        532          0         40        204      73188   Library Totals

    ----------------------------------------------------------------------

==============================================================================


      Code (inc. data)   RO Data    RW Data    ZI Data      Debug   

     20780       1112       7252         92       3988     220525   Grand Totals
     20780       1112       7252         92       3988     220525   ELF Image Totals
     20780       1112       7252         92          0          0   ROM Totals

==============================================================================

    Total RO  Size (Code + RO Data)                28032 (  27.38kB)
    Total RW  Size (RW Data + ZI Data)              4080 (   3.98kB)
    Total ROM Size (Code + RO Data + RW Data)      28124 (  27.46kB)

==============================================================================

